Component: ARM Compiler 6.16 Tool: armlink [5dfeaa00]

==============================================================================

Section Cross References

    main.o(.text.Task1) refers to main.o(.bss.xQueue2) for xQueue2
    main.o(.text.Task1) refers to queue.o(.text.xQueueReceive) for xQueueReceive
    main.o(.text.Task1) refers to main.o(.bss.minutes_update) for minutes_update
    main.o(.text.Task1) refers to main.o(.bss.hours_update) for hours_update
    main.o(.text.Task1) refers to main.o(.bss.xQueue1) for xQueue1
    main.o(.text.Task1) refers to queue.o(.text.xQueueGenericSend) for xQueueGenericSend
    main.o(.text.Task1) refers to tasks.o(.text.vTaskDelay) for vTaskDelay
    main.o(.ARM.exidx.text.Task1) refers to main.o(.text.Task1) for [Anonymous Symbol]
    main.o(.text.Read_From_Keyboard) refers to uart.o(.text.UART_receive) for UART_receive
    main.o(.text.Read_From_Keyboard) refers to uart.o(.text.UART_send) for UART_send
    main.o(.ARM.exidx.text.Read_From_Keyboard) refers to main.o(.text.Read_From_Keyboard) for [Anonymous Symbol]
    main.o(.text.Read_Time) refers to uart.o(.text.UART_receive) for UART_receive
    main.o(.text.Read_Time) refers to uart.o(.text.UART_send) for UART_send
    main.o(.ARM.exidx.text.Read_Time) refers to main.o(.text.Read_Time) for [Anonymous Symbol]
    main.o(.ARM.exidx.text.ByteToStr) refers to main.o(.text.ByteToStr) for [Anonymous Symbol]
    main.o(.text.Task2) refers to lcd.o(.text.LCD_init) for LCD_init
    main.o(.text.Task2) refers to lcd.o(.text.LCD_Clear) for LCD_Clear
    main.o(.text.Task2) refers to main.o(.bss.selection) for selection
    main.o(.text.Task2) refers to main.o(.bss.Task2.change) for Task2.change
    main.o(.text.Task2) refers to lcd.o(.bss.cont) for cont
    main.o(.text.Task2) refers to main.o(.bss.minutes_update) for minutes_update
    main.o(.text.Task2) refers to main.o(.text.ByteToStr) for ByteToStr
    main.o(.text.Task2) refers to lcd.o(.text.LCD_PrintLn_Cont) for LCD_PrintLn_Cont
    main.o(.text.Task2) refers to main.o(.rodata.str1.1) for .L.str
    main.o(.text.Task2) refers to main.o(.bss.xQueue1) for xQueue1
    main.o(.text.Task2) refers to queue.o(.text.xQueueReceive) for xQueueReceive
    main.o(.text.Task2) refers to main.o(.data.cities) for cities
    main.o(.text.Task2) refers to lcd.o(.text.LCD_PrintLn) for LCD_PrintLn
    main.o(.text.Task2) refers to main.o(.data.timediff) for timediff
    main.o(.text.Task2) refers to main.o(.bss.hours_update) for hours_update
    main.o(.ARM.exidx.text.Task2) refers to main.o(.text.Task2) for [Anonymous Symbol]
    main.o(.text.Task3) refers to uart.o(.text.UART_init) for UART_init
    main.o(.text.Task3) refers to uart.o(.text.UART_send_string) for UART_send_string
    main.o(.text.Task3) refers to main.o(.text.Read_Time) for Read_Time
    main.o(.text.Task3) refers to main.o(.bss.xQueue2) for xQueue2
    main.o(.text.Task3) refers to queue.o(.text.xQueueGenericSend) for xQueueGenericSend
    main.o(.text.Task3) refers to main.o(.data.cities) for cities
    main.o(.text.Task3) refers to main.o(.bss.selection) for selection
    main.o(.text.Task3) refers to uart.o(.text.UART_send) for UART_send
    main.o(.text.Task3) refers to main.o(.text.Read_From_Keyboard) for Read_From_Keyboard
    main.o(.ARM.exidx.text.Task3) refers to main.o(.text.Task3) for [Anonymous Symbol]
    main.o(.text.main) refers to queue.o(.text.xQueueGenericCreate) for xQueueGenericCreate
    main.o(.text.main) refers to main.o(.bss.xQueue1) for xQueue1
    main.o(.text.main) refers to main.o(.bss.xQueue2) for xQueue2
    main.o(.text.main) refers to main.o(.text.Task1) for Task1
    main.o(.text.main) refers to tasks.o(.text.xTaskCreate) for xTaskCreate
    main.o(.text.main) refers to main.o(.text.Task2) for Task2
    main.o(.text.main) refers to main.o(.text.Task3) for Task3
    main.o(.text.main) refers to tasks.o(.text.vTaskStartScheduler) for vTaskStartScheduler
    main.o(.ARM.exidx.text.main) refers to main.o(.text.main) for [Anonymous Symbol]
    uart.o(.text.UART_init) refers to sysctl.o(i.SysCtlClockSet) for SysCtlClockSet
    uart.o(.text.UART_init) refers to sysctl.o(i.SysCtlPeripheralEnable) for SysCtlPeripheralEnable
    uart.o(.text.UART_init) refers to sysctl.o(i.SysCtlPeripheralReady) for SysCtlPeripheralReady
    uart.o(.text.UART_init) refers to gpio.o(i.GPIOPinConfigure) for GPIOPinConfigure
    uart.o(.text.UART_init) refers to gpio.o(i.GPIOPinTypeUART) for GPIOPinTypeUART
    uart.o(.text.UART_init) refers to uart.o(i.UARTClockSourceSet) for UARTClockSourceSet
    uart.o(.text.UART_init) refers to sysctl.o(i.SysCtlClockGet) for SysCtlClockGet
    uart.o(.text.UART_init) refers to uart.o(i.UARTConfigSetExpClk) for UARTConfigSetExpClk
    uart.o(.ARM.exidx.text.UART_init) refers to uart.o(.text.UART_init) for [Anonymous Symbol]
[...]
    Removing tasks.o(.ARM.exidx.text.vTaskPriorityDisinheritAfterTimeout), (8 bytes).
    Removing tasks.o(.text.uxTaskResetEventItemValue), (26 bytes).
    Removing tasks.o(.ARM.exidx.text.uxTaskResetEventItemValue), (8 bytes).
    Removing tasks.o(.text.pvTaskIncrementMutexHeldCount), (24 bytes).
    Removing tasks.o(.ARM.exidx.text.pvTaskIncrementMutexHeldCount), (8 bytes).
    Removing tasks.o(.text.ulTaskNotifyTake), (106 bytes).
    Removing tasks.o(.ARM.exidx.text.ulTaskNotifyTake), (8 bytes).
    Removing tasks.o(.text.xTaskNotifyWait), (144 bytes).
    Removing tasks.o(.ARM.exidx.text.xTaskNotifyWait), (8 bytes).
    Removing tasks.o(.text.xTaskGenericNotify), (256 bytes).
    Removing tasks.o(.ARM.exidx.text.xTaskGenericNotify), (8 bytes).
    Removing tasks.o(.text.xTaskGenericNotifyFromISR), (300 bytes).
    Removing tasks.o(.ARM.exidx.text.xTaskGenericNotifyFromISR), (8 bytes).
    Removing tasks.o(.text.vTaskNotifyGiveFromISR), (220 bytes).
    Removing tasks.o(.ARM.exidx.text.vTaskNotifyGiveFromISR), (8 bytes).
    Removing tasks.o(.text.xTaskNotifyStateClear), (44 bytes).
    Removing tasks.o(.ARM.exidx.text.xTaskNotifyStateClear), (8 bytes).
    Removing tasks.o(.text.ulTaskNotifyValueClear), (42 bytes).
    Removing tasks.o(.ARM.exidx.text.ulTaskNotifyValueClear), (8 bytes).
    Removing tasks.o(.ARM.exidx.text.prvInitialiseTaskLists), (8 bytes).
    Removing tasks.o(.ARM.exidx.text.prvCheckTasksWaitingTermination), (8 bytes).
    Removing tasks.o(.ARM.exidx.text.prvGetExpectedIdleTime), (8 bytes).
    Removing timers.o(.text), (0 bytes).
    Removing timers.o(.ARM.exidx.text.xTimerCreateTimerTask), (8 bytes).
    Removing timers.o(.ARM.exidx.text.prvCheckForValidListAndQueue), (8 bytes).
    Removing timers.o(.ARM.exidx.text.prvTimerTask), (8 bytes).
    Removing timers.o(.text.xTimerCreate), (56 bytes).
    Removing timers.o(.ARM.exidx.text.xTimerCreate), (8 bytes).
    Removing timers.o(.text.prvInitialiseNewTimer), (86 bytes).
    Removing timers.o(.ARM.exidx.text.prvInitialiseNewTimer), (8 bytes).
    Removing timers.o(.ARM.exidx.text.xTimerGenericCommand), (8 bytes).
    Removing timers.o(.text.xTimerGetTimerDaemonTaskHandle), (34 bytes).
    Removing timers.o(.ARM.exidx.text.xTimerGetTimerDaemonTaskHandle), (8 bytes).
    Removing timers.o(.text.xTimerGetPeriod), (26 bytes).
    Removing timers.o(.ARM.exidx.text.xTimerGetPeriod), (8 bytes).
    Removing timers.o(.text.vTimerSetReloadMode), (58 bytes).
    Removing timers.o(.ARM.exidx.text.vTimerSetReloadMode), (8 bytes).
    Removing timers.o(.text.uxTimerGetReloadMode), (46 bytes).
    Removing timers.o(.ARM.exidx.text.uxTimerGetReloadMode), (8 bytes).
    Removing timers.o(.text.xTimerGetExpiryTime), (26 bytes).
    Removing timers.o(.ARM.exidx.text.xTimerGetExpiryTime), (8 bytes).
    Removing timers.o(.text.pcTimerGetName), (26 bytes).
    Removing timers.o(.ARM.exidx.text.pcTimerGetName), (8 bytes).
    Removing timers.o(.text.xTimerIsTimerActive), (46 bytes).
    Removing timers.o(.ARM.exidx.text.xTimerIsTimerActive), (8 bytes).
    Removing timers.o(.text.pvTimerGetTimerID), (38 bytes).
    Removing timers.o(.ARM.exidx.text.pvTimerGetTimerID), (8 bytes).
    Removing timers.o(.text.vTimerSetTimerID), (38 bytes).
    Removing timers.o(.ARM.exidx.text.vTimerSetTimerID), (8 bytes).
    Removing timers.o(.text.xTimerPendFunctionCallFromISR), (42 bytes).
    Removing timers.o(.ARM.exidx.text.xTimerPendFunctionCallFromISR), (8 bytes).
    Removing timers.o(.text.xTimerPendFunctionCall), (70 bytes).
    Removing timers.o(.ARM.exidx.text.xTimerPendFunctionCall), (8 bytes).
    Removing timers.o(.text.uxTimerGetTimerNumber), (4 bytes).
    Removing timers.o(.ARM.exidx.text.uxTimerGetTimerNumber), (8 bytes).
    Removing timers.o(.text.vTimerSetTimerNumber), (4 bytes).
    Removing timers.o(.ARM.exidx.text.vTimerSetTimerNumber), (8 bytes).
    Removing timers.o(.ARM.exidx.text.prvGetNextExpireTime), (8 bytes).
    Removing timers.o(.ARM.exidx.text.prvProcessTimerOrBlockTask), (8 bytes).
    Removing timers.o(.ARM.exidx.text.prvProcessReceivedCommands), (8 bytes).
    Removing timers.o(.ARM.exidx.text.prvSampleTimeNow), (8 bytes).
    Removing timers.o(.ARM.exidx.text.prvProcessExpiredTimer), (8 bytes).
    Removing timers.o(.ARM.exidx.text.prvSwitchTimerLists), (8 bytes).
    Removing timers.o(.ARM.exidx.text.prvInsertTimerInActiveList), (8 bytes).
    Removing gpio.o(i.GPIOADCTriggerDisable), (14 bytes).
    Removing gpio.o(i.GPIOADCTriggerEnable), (12 bytes).
    Removing gpio.o(i.GPIODMATriggerDisable), (14 bytes).
    Removing gpio.o(i.GPIODMATriggerEnable), (12 bytes).
    Removing gpio.o(i.GPIODirModeGet), (34 bytes).
    Removing gpio.o(i.GPIOIntClear), (6 bytes).
    Removing gpio.o(i.GPIOIntDisable), (14 bytes).
    Removing gpio.o(i.GPIOIntEnable), (12 bytes).
    Removing gpio.o(i.GPIOIntRegister), (26 bytes).
    Removing gpio.o(i.GPIOIntRegisterPin), (30 bytes).
    Removing gpio.o(i.GPIOIntStatus), (14 bytes).
    Removing gpio.o(i.GPIOIntTypeGet), (70 bytes).
    Removing gpio.o(i.GPIOIntTypeSet), (80 bytes).
    Removing gpio.o(i.GPIOIntUnregister), (22 bytes).
    Removing gpio.o(i.GPIOIntUnregisterPin), (26 bytes).
    Removing gpio.o(i.GPIOPadConfigGet), (248 bytes).
    Removing gpio.o(i.GPIOPinRead), (6 bytes).
    Removing gpio.o(i.GPIOPinTypeADC), (28 bytes).
    Removing gpio.o(i.GPIOPinTypeCAN), (28 bytes).
    Removing gpio.o(i.GPIOPinTypeComparator), (28 bytes).
    Removing gpio.o(i.GPIOPinTypeComparatorOutput), (28 bytes).
    Removing gpio.o(i.GPIOPinTypeDIVSCLK), (28 bytes).
    Removing gpio.o(i.GPIOPinTypeEPI), (28 bytes).
    Removing gpio.o(i.GPIOPinTypeEthernetLED), (28 bytes).
    Removing gpio.o(i.GPIOPinTypeEthernetMII), (28 bytes).
    Removing gpio.o(i.GPIOPinTypeGPIOInput), (28 bytes).
    Removing gpio.o(i.GPIOPinTypeGPIOOutputOD), (28 bytes).
    Removing gpio.o(i.GPIOPinTypeHibernateRTCCLK), (28 bytes).
    Removing gpio.o(i.GPIOPinTypeI2C), (28 bytes).
    Removing gpio.o(i.GPIOPinTypeI2CSCL), (28 bytes).
    Removing gpio.o(i.GPIOPinTypeLCD), (28 bytes).
    Removing gpio.o(i.GPIOPinTypeOneWire), (28 bytes).
    Removing gpio.o(i.GPIOPinTypePWM), (28 bytes).
    Removing gpio.o(i.GPIOPinTypeQEI), (28 bytes).
    Removing gpio.o(i.GPIOPinTypeSSI), (28 bytes).
    Removing gpio.o(i.GPIOPinTypeTimer), (28 bytes).
    Removing gpio.o(i.GPIOPinTypeTrace), (28 bytes).
    Removing gpio.o(i.GPIOPinTypeUSBAnalog), (28 bytes).
    Removing gpio.o(i.GPIOPinTypeUSBDigital), (28 bytes).
    Removing gpio.o(i.GPIOPinTypeWakeHigh), (30 bytes).
    Removing gpio.o(i.GPIOPinTypeWakeLow), (30 bytes).
    Removing gpio.o(i.GPIOPinWakeStatus), (6 bytes).
    Removing gpio.o(i.GPIOUnlockPin), (24 bytes).
    Removing gpio.o(i._GPIOIntNumberGet), (80 bytes).
    Removing sysctl.o(i.SysCtlAltClkConfig), (12 bytes).
    Removing sysctl.o(i.SysCtlClockFreqSet), (740 bytes).
    Removing sysctl.o(i.SysCtlClockOutConfig), (20 bytes).
    Removing sysctl.o(i.SysCtlDeepSleep), (32 bytes).
    Removing sysctl.o(i.SysCtlDeepSleepClockConfigSet), (112 bytes).
    Removing sysctl.o(i.SysCtlDeepSleepClockSet), (12 bytes).
    Removing sysctl.o(i.SysCtlDeepSleepPowerSet), (12 bytes).
    Removing sysctl.o(i.SysCtlFlashSectorSizeGet), (56 bytes).
    Removing sysctl.o(i.SysCtlFlashSizeGet), (56 bytes).
    Removing sysctl.o(i.SysCtlGPIOAHBDisable), (28 bytes).
    Removing sysctl.o(i.SysCtlGPIOAHBEnable), (24 bytes).
    Removing sysctl.o(i.SysCtlIntClear), (12 bytes).
    Removing sysctl.o(i.SysCtlIntDisable), (16 bytes).
    Removing sysctl.o(i.SysCtlIntEnable), (16 bytes).
    Removing sysctl.o(i.SysCtlIntRegister), (20 bytes).
    Removing sysctl.o(i.SysCtlIntStatus), (16 bytes).
    Removing sysctl.o(i.SysCtlIntUnregister), (18 bytes).
    Removing sysctl.o(i.SysCtlLDODeepSleepGet), (12 bytes).
    Removing sysctl.o(i.SysCtlLDODeepSleepSet), (12 bytes).
    Removing sysctl.o(i.SysCtlLDOSleepGet), (12 bytes).
    Removing sysctl.o(i.SysCtlLDOSleepSet), (12 bytes).
    Removing sysctl.o(i.SysCtlMOSCConfigSet), (12 bytes).
    Removing sysctl.o(i.SysCtlNMIClear), (16 bytes).
    Removing sysctl.o(i.SysCtlNMIStatus), (12 bytes).
    Removing sysctl.o(i.SysCtlPIOSCCalibrate), (76 bytes).
    Removing sysctl.o(i.SysCtlPWMClockGet), (24 bytes).
    Removing sysctl.o(i.SysCtlPWMClockSet), (20 bytes).
    Removing sysctl.o(i.SysCtlPeripheralClockGating), (68 bytes).
    Removing sysctl.o(i.SysCtlPeripheralDeepSleepDisable), (40 bytes).
    Removing sysctl.o(i.SysCtlPeripheralDeepSleepEnable), (40 bytes).
    Removing sysctl.o(i.SysCtlPeripheralDisable), (40 bytes).
    Removing sysctl.o(i.SysCtlPeripheralPowerOff), (40 bytes).
    Removing sysctl.o(i.SysCtlPeripheralPowerOn), (40 bytes).
    Removing sysctl.o(i.SysCtlPeripheralPresent), (44 bytes).
    Removing sysctl.o(i.SysCtlPeripheralReset), (60 bytes).
    Removing sysctl.o(i.SysCtlPeripheralSleepDisable), (40 bytes).
    Removing sysctl.o(i.SysCtlPeripheralSleepEnable), (40 bytes).
    Removing sysctl.o(i.SysCtlReset), (16 bytes).
    Removing sysctl.o(i.SysCtlResetBehaviorGet), (12 bytes).
    Removing sysctl.o(i.SysCtlResetBehaviorSet), (12 bytes).
    Removing sysctl.o(i.SysCtlResetCauseClear), (16 bytes).
    Removing sysctl.o(i.SysCtlResetCauseGet), (12 bytes).
    Removing sysctl.o(i.SysCtlSRAMSizeGet), (16 bytes).
    Removing sysctl.o(i.SysCtlSleep), (4 bytes).
    Removing sysctl.o(i.SysCtlSleepPowerSet), (12 bytes).
    Removing sysctl.o(i.SysCtlUSBPLLDisable), (16 bytes).
    Removing sysctl.o(i.SysCtlUSBPLLEnable), (16 bytes).
    Removing sysctl.o(i.SysCtlVCOGet), (120 bytes).
    Removing sysctl.o(i.SysCtlVoltageEventClear), (16 bytes).
    Removing sysctl.o(i.SysCtlVoltageEventConfig), (12 bytes).
    Removing sysctl.o(i.SysCtlVoltageEventStatus), (12 bytes).
    Removing uart.o(i.UART9BitAddrSend), (38 bytes).
    Removing uart.o(i.UART9BitAddrSet), (10 bytes).
    Removing uart.o(i.UART9BitDisable), (14 bytes).
    Removing uart.o(i.UART9BitEnable), (14 bytes).
    Removing uart.o(i.UARTBreakCtl), (18 bytes).
    Removing uart.o(i.UARTBusy), (8 bytes).
    Removing uart.o(i.UARTCharGet), (12 bytes).
    Removing uart.o(i.UARTCharGetNonBlocking), (16 bytes).
    Removing uart.o(i.UARTCharPut), (12 bytes).
    Removing uart.o(i.UARTCharPutNonBlocking), (16 bytes).
    Removing uart.o(i.UARTCharsAvail), (10 bytes).
    Removing uart.o(i.UARTClockSourceGet), (6 bytes).
    Removing uart.o(i.UARTConfigGetExpClk), (46 bytes).
    Removing uart.o(i.UARTDMADisable), (10 bytes).
    Removing uart.o(i.UARTDMAEnable), (8 bytes).
    Removing uart.o(i.UARTDisable), (30 bytes).
    Removing uart.o(i.UARTDisableSIR), (10 bytes).
    Removing uart.o(i.UARTEnable), (20 bytes).
    Removing uart.o(i.UARTEnableSIR), (18 bytes).
    Removing uart.o(i.UARTFIFODisable), (10 bytes).
    Removing uart.o(i.UARTFIFOEnable), (10 bytes).
    Removing uart.o(i.UARTFIFOLevelGet), (16 bytes).
    Removing uart.o(i.UARTFIFOLevelSet), (6 bytes).
    Removing uart.o(i.UARTFlowControlGet), (8 bytes).
    Removing uart.o(i.UARTFlowControlSet), (12 bytes).
    Removing uart.o(i.UARTIntClear), (4 bytes).
    Removing uart.o(i.UARTIntDisable), (10 bytes).
    Removing uart.o(i.UARTIntEnable), (8 bytes).
    Removing uart.o(i.UARTIntRegister), (88 bytes).
    Removing uart.o(i.UARTIntStatus), (10 bytes).
    Removing uart.o(i.UARTIntUnregister), (88 bytes).
    Removing uart.o(i.UARTLoopbackEnable), (10 bytes).
    Removing uart.o(i.UARTModemControlClear), (14 bytes).
    Removing uart.o(i.UARTModemControlGet), (8 bytes).
    Removing uart.o(i.UARTModemControlSet), (12 bytes).
    Removing uart.o(i.UARTModemStatusGet), (10 bytes).
    Removing uart.o(i.UARTParityModeGet), (8 bytes).
    Removing uart.o(i.UARTParityModeSet), (12 bytes).
    Removing uart.o(i.UARTRxErrorClear), (6 bytes).
    Removing uart.o(i.UARTRxErrorGet), (8 bytes).
    Removing uart.o(i.UARTSmartCardDisable), (10 bytes).
    Removing uart.o(i.UARTSmartCardEnable), (22 bytes).
    Removing uart.o(i.UARTSpaceAvail), (10 bytes).
    Removing uart.o(i.UARTTxIntModeGet), (8 bytes).
    Removing uart.o(i.UARTTxIntModeSet), (12 bytes).
    Removing uart.o(.constdata), (128 bytes).
    Removing cpu.o(.emb_text), (38 bytes).
    Removing interrupt.o(i.IntDisable), (100 bytes).
    Removing interrupt.o(i.IntEnable), (100 bytes).
    Removing interrupt.o(i.IntIsEnabled), (96 bytes).
    Removing interrupt.o(i.IntMasterDisable), (14 bytes).
    Removing interrupt.o(i.IntMasterEnable), (14 bytes).
    Removing interrupt.o(i.IntPendClear), (68 bytes).
    Removing interrupt.o(i.IntPendSet), (84 bytes).
    Removing interrupt.o(i.IntPriorityGet), (28 bytes).
    Removing interrupt.o(i.IntPriorityGroupingGet), (36 bytes).
    Removing interrupt.o(i.IntPriorityGroupingSet), (28 bytes).
    Removing interrupt.o(i.IntPriorityMaskGet), (4 bytes).
    Removing interrupt.o(i.IntPriorityMaskSet), (4 bytes).
    Removing interrupt.o(i.IntPrioritySet), (40 bytes).
    Removing interrupt.o(i.IntRegister), (52 bytes).
    Removing interrupt.o(i.IntTrigger), (12 bytes).
    Removing interrupt.o(i.IntUnregister), (20 bytes).
    Removing interrupt.o(i._IntDefaultHandler), (2 bytes).
    Removing interrupt.o(.constdata), (268 bytes).
    Removing interrupt.o(vtable), (620 bytes).

449 unused section(s) (total 15104 bytes) removed from the image.

==============================================================================

Image Symbol Table

    Local Symbols

    Symbol Name                              Value     Ov Type        Size  Object(Section)

    ../clib/microlib/init/entry.s            0x00000000   Number         0  entry.o ABSOLUTE
    ../clib/microlib/init/entry.s            0x00000000   Number         0  entry2.o ABSOLUTE
    ../clib/microlib/init/entry.s            0x00000000   Number         0  entry5.o ABSOLUTE
    ../clib/microlib/init/entry.s            0x00000000   Number         0  entry7a.o ABSOLUTE
    ../clib/microlib/init/entry.s            0x00000000   Number         0  entry7b.o ABSOLUTE
    ../clib/microlib/init/entry.s            0x00000000   Number         0  entry8a.o ABSOLUTE
    ../clib/microlib/init/entry.s            0x00000000   Number         0  entry8b.o ABSOLUTE
    ../clib/microlib/init/entry.s            0x00000000   Number         0  entry9a.o ABSOLUTE
    ../clib/microlib/init/entry.s            0x00000000   Number         0  entry9b.o ABSOLUTE
    ../clib/microlib/init/entry.s            0x00000000   Number         0  entry10a.o ABSOLUTE
    ../clib/microlib/init/entry.s            0x00000000   Number         0  entry10b.o ABSOLUTE
    ../clib/microlib/init/entry.s            0x00000000   Number         0  entry11a.o ABSOLUTE
    ../clib/microlib/init/entry.s            0x00000000   Number         0  entry11b.o ABSOLUTE
    ../clib/microlib/string/memcpy.c         0x00000000   Number         0  memcpya.o ABSOLUTE
    ../clib/microlib/string/memcpy.c         0x00000000   Number         0  memcpyb.o ABSOLUTE
    ../clib/microlib/string/memset.c         0x00000000   Number         0  memseta.o ABSOLUTE
    ../clib/microlib/string/strlen.c         0x00000000   Number         0  strlen.o ABSOLUTE
    RTE/Device/TM4C123GH6PM/startup_TM4C123.s 0x00000000   Number         0  startup_tm4c123.o ABSOLUTE
    Uart.c                                   0x00000000   Number         0  uart.o ABSOLUTE
    cpu.c                                    0x00000000   Number         0  cpu.o ABSOLUTE
    cpu.c                                    0x00000000   Number         0  cpu.o ABSOLUTE
    dc.s                                     0x00000000   Number         0  dc.o ABSOLUTE
    freertos_evr.c                           0x00000000   Number         0  freertos_evr.o ABSOLUTE
    gpio.c                                   0x00000000   Number         0  gpio.o ABSOLUTE
    handlers.s                               0x00000000   Number         0  handlers.o ABSOLUTE
    heap_1.c                                 0x00000000   Number         0  heap_1.o ABSOLUTE
    init.s                                   0x00000000   Number         0  init.o ABSOLUTE
    interrupt.c                              0x00000000   Number         0  interrupt.o ABSOLUTE
    lcd.c                                    0x00000000   Number         0  lcd.o ABSOLUTE
    list.c                                   0x00000000   Number         0  list.o ABSOLUTE
    main.c                                   0x00000000   Number         0  main.o ABSOLUTE
    port.c                                   0x00000000   Number         0  port.o ABSOLUTE
    queue.c                                  0x00000000   Number         0  queue.o ABSOLUTE
    sysctl.c                                 0x00000000   Number         0  sysctl.o ABSOLUTE
    sysctl.c                                 0x00000000   Number         0  sysctl.o ABSOLUTE
    system_TM4C123.c                         0x00000000   Number         0  system_tm4c123.o ABSOLUTE
    tasks.c                                  0x00000000   Number         0  tasks.o ABSOLUTE
    timers.c                                 0x00000000   Number         0  timers.o ABSOLUTE
    uart.c                                   0x00000000   Number         0  uart.o ABSOLUTE
    RESET                                    0x00000000   Section      620  startup_tm4c123.o(RESET)
    .ARM.Collect$$$$00000000                 0x0000026c   Section        0  entry.o(.ARM.Collect$$$$00000000)
    .ARM.Collect$$$$00000001                 0x0000026c   Section        4  entry2.o(.ARM.Collect$$$$00000001)
    .ARM.Collect$$$$00000004                 0x00000270   Section        4  entry5.o(.ARM.Collect$$$$00000004)
    .ARM.Collect$$$$00000008                 0x00000274   Section        0  entry7b.o(.ARM.Collect$$$$00000008)
    .ARM.Collect$$$$0000000A                 0x00000274   Section        0  entry8b.o(.ARM.Collect$$$$0000000A)
    .ARM.Collect$$$$0000000B                 0x00000274   Section        8  entry9a.o(.ARM.Collect$$$$0000000B)
    __lit__00000000                          0x0000027c   Data           4  entry2.o(.ARM.Collect$$$$00002712)
    .ARM.Collect$$$$0000000D                 0x0000027c   Section        0  entry10a.o(.ARM.Collect$$$$0000000D)
    .ARM.Collect$$$$0000000F                 0x0000027c   Section        0  entry11a.o(.ARM.Collect$$$$0000000F)
    .ARM.Collect$$$$00002712                 0x0000027c   Section        4  entry2.o(.ARM.Collect$$$$00002712)
    $v0                                      0x00000280   Number         0  sysctl.o(.emb_text)
    .emb_text                                0x00000280   Section        6  sysctl.o(.emb_text)
    $v0                                      0x00000288   Number         0  startup_tm4c123.o(.text)
    .text                                    0x00000288   Section      252  startup_tm4c123.o(.text)
    .text                                    0x00000384   Section        0  memcpya.o(.text)
    .text                                    0x000003a8   Section        0  memseta.o(.text)
    .text                                    0x000003cc   Section        0  strlen.o(.text)
    .text                                    0x000003dc   Section       36  init.o(.text)
    [Anonymous Symbol]                       0x00000400   Section        0  main.o(.text.ByteToStr)
    [Anonymous Symbol]                       0x00000438   Section        0  lcd.o(.text.LCD_Clear)
    LCD_Command                              0x00000455   Thumb Code   126  lcd.o(.text.LCD_Command)
    [Anonymous Symbol]                       0x00000454   Section        0  lcd.o(.text.LCD_Command)
    [Anonymous Symbol]                       0x000004d4   Section        0  lcd.o(.text.LCD_Cursor)
    [Anonymous Symbol]                       0x000004f0   Section        0  lcd.o(.text.LCD_PrintLn)
    [Anonymous Symbol]                       0x00000520   Section        0  lcd.o(.text.LCD_PrintLn_Cont)
    [Anonymous Symbol]                       0x00000564   Section        0  lcd.o(.text.LCD_Show)
    [Anonymous Symbol]                       0x000005e8   Section        0  lcd.o(.text.LCD_init)
    [Anonymous Symbol]                       0x000006b0   Section        0  port.o(.text.PendSV_Handler)
    pxCurrentTCBConst                        0x00000710   Number         0  port.o(.text.PendSV_Handler)
    [Anonymous Symbol]                       0x00000714   Section        0  main.o(.text.Read_From_Keyboard)
    [Anonymous Symbol]                       0x00000748   Section        0  main.o(.text.Read_Time)
    [Anonymous Symbol]                       0x00000780   Section        0  port.o(.text.SVC_Handler)
    pxCurrentTCBConst2                       0x000007a0   Number         0  port.o(.text.SVC_Handler)
    [Anonymous Symbol]                       0x000007a4   Section        0  port.o(.text.SysTick_Handler)
    [Anonymous Symbol]                       0x000007d4   Section        0  system_tm4c123.o(.text.SystemInit)
    [Anonymous Symbol]                       0x00000844   Section        0  main.o(.text.Task1)
    [Anonymous Symbol]                       0x000008d4   Section        0  main.o(.text.Task2)
    [Anonymous Symbol]                       0x00000a14   Section        0  main.o(.text.Task3)
    [Anonymous Symbol]                       0x00000b80   Section        0  uart.o(.text.UART_init)
    [Anonymous Symbol]                       0x00000bec   Section        0  uart.o(.text.UART_receive)
    [Anonymous Symbol]                       0x00000c00   Section        0  uart.o(.text.UART_send)
    [Anonymous Symbol]                       0x00000c14   Section        0  uart.o(.text.UART_send_string)
    [Anonymous Symbol]                       0x00000c30   Section        0  tasks.o(.text.eTaskConfirmSleepModeStatus)
    [Anonymous Symbol]                       0x00000c6c   Section        0  main.o(.text.main)
    prvAddCurrentTaskToDelayedList           0x00000d19   Thumb Code   170  tasks.o(.text.prvAddCurrentTaskToDelayedList)
    [Anonymous Symbol]                       0x00000d18   Section        0  tasks.o(.text.prvAddCurrentTaskToDelayedList)
    prvAddNewTaskToReadyList                 0x00000dc5   Thumb Code   174  tasks.o(.text.prvAddNewTaskToReadyList)
    [Anonymous Symbol]                       0x00000dc4   Section        0  tasks.o(.text.prvAddNewTaskToReadyList)
    prvCheckForValidListAndQueue             0x00000e75   Thumb Code    90  timers.o(.text.prvCheckForValidListAndQueue)
    [Anonymous Symbol]                       0x00000e74   Section        0  timers.o(.text.prvCheckForValidListAndQueue)
    prvCheckTasksWaitingTermination          0x00000ed1   Thumb Code    78  tasks.o(.text.prvCheckTasksWaitingTermination)
    [Anonymous Symbol]                       0x00000ed0   Section        0  tasks.o(.text.prvCheckTasksWaitingTermination)
    prvCopyDataFromQueue                     0x00000f21   Thumb Code    38  queue.o(.text.prvCopyDataFromQueue)
    [Anonymous Symbol]                       0x00000f20   Section        0  queue.o(.text.prvCopyDataFromQueue)
    prvCopyDataToQueue                       0x00000f49   Thumb Code   122  queue.o(.text.prvCopyDataToQueue)
    [Anonymous Symbol]                       0x00000f48   Section        0  queue.o(.text.prvCopyDataToQueue)
    prvDeleteTCB                             0x00000fc5   Thumb Code    18  tasks.o(.text.prvDeleteTCB)
    [Anonymous Symbol]                       0x00000fc4   Section        0  tasks.o(.text.prvDeleteTCB)
    prvGetExpectedIdleTime                   0x00000fd9   Thumb Code    68  tasks.o(.text.prvGetExpectedIdleTime)
    [Anonymous Symbol]                       0x00000fd8   Section        0  tasks.o(.text.prvGetExpectedIdleTime)
    prvGetNextExpireTime                     0x0000101d   Thumb Code    32  timers.o(.text.prvGetNextExpireTime)
    [Anonymous Symbol]                       0x0000101c   Section        0  timers.o(.text.prvGetNextExpireTime)
    prvIdleTask                              0x0000103d   Thumb Code   114  tasks.o(.text.prvIdleTask)
    [Anonymous Symbol]                       0x0000103c   Section        0  tasks.o(.text.prvIdleTask)
    prvInitialiseNewQueue                    0x000010b1   Thumb Code    36  queue.o(.text.prvInitialiseNewQueue)
    [Anonymous Symbol]                       0x000010b0   Section        0  queue.o(.text.prvInitialiseNewQueue)
    prvInitialiseNewTask                     0x000010d5   Thumb Code   156  tasks.o(.text.prvInitialiseNewTask)
    [Anonymous Symbol]                       0x000010d4   Section        0  tasks.o(.text.prvInitialiseNewTask)
    prvInitialiseTaskLists                   0x00001171   Thumb Code   110  tasks.o(.text.prvInitialiseTaskLists)
    [Anonymous Symbol]                       0x00001170   Section        0  tasks.o(.text.prvInitialiseTaskLists)
    prvInsertTimerInActiveList               0x000011e1   Thumb Code    64  timers.o(.text.prvInsertTimerInActiveList)
    [Anonymous Symbol]                       0x000011e0   Section        0  timers.o(.text.prvInsertTimerInActiveList)
    prvIsQueueEmpty                          0x00001221   Thumb Code    24  queue.o(.text.prvIsQueueEmpty)
    [Anonymous Symbol]                       0x00001220   Section        0  queue.o(.text.prvIsQueueEmpty)
    prvIsQueueFull                           0x00001239   Thumb Code    28  queue.o(.text.prvIsQueueFull)
    [Anonymous Symbol]                       0x00001238   Section        0  queue.o(.text.prvIsQueueFull)
    prvNotifyQueueSetContainer               0x00001255   Thumb Code   118  queue.o(.text.prvNotifyQueueSetContainer)
    [Anonymous Symbol]                       0x00001254   Section        0  queue.o(.text.prvNotifyQueueSetContainer)
    prvPortStartFirstTask                    0x000012cd   Thumb Code    34  port.o(.text.prvPortStartFirstTask)
    [Anonymous Symbol]                       0x000012cc   Section        0  port.o(.text.prvPortStartFirstTask)
    prvProcessExpiredTimer                   0x000012f5   Thumb Code   110  timers.o(.text.prvProcessExpiredTimer)
    [Anonymous Symbol]                       0x000012f4   Section        0  timers.o(.text.prvProcessExpiredTimer)
    prvProcessReceivedCommands               0x00001365   Thumb Code   290  timers.o(.text.prvProcessReceivedCommands)
    [Anonymous Symbol]                       0x00001364   Section        0  timers.o(.text.prvProcessReceivedCommands)
    prvProcessTimerOrBlockTask               0x00001489   Thumb Code   128  timers.o(.text.prvProcessTimerOrBlockTask)
    [Anonymous Symbol]                       0x00001488   Section        0  timers.o(.text.prvProcessTimerOrBlockTask)
    prvResetNextTaskUnblockTime              0x00001509   Thumb Code    40  tasks.o(.text.prvResetNextTaskUnblockTime)
    [Anonymous Symbol]                       0x00001508   Section        0  tasks.o(.text.prvResetNextTaskUnblockTime)
    prvSampleTimeNow                         0x00001531   Thumb Code    42  timers.o(.text.prvSampleTimeNow)
    [Anonymous Symbol]                       0x00001530   Section        0  timers.o(.text.prvSampleTimeNow)
    prvSwitchTimerLists                      0x0000155d   Thumb Code   142  timers.o(.text.prvSwitchTimerLists)
    [Anonymous Symbol]                       0x0000155c   Section        0  timers.o(.text.prvSwitchTimerLists)
    prvTaskExitError                         0x000015ed   Thumb Code    50  port.o(.text.prvTaskExitError)
    [Anonymous Symbol]                       0x000015ec   Section        0  port.o(.text.prvTaskExitError)
    prvTimerTask                             0x00001621   Thumb Code    22  timers.o(.text.prvTimerTask)
    [Anonymous Symbol]                       0x00001620   Section        0  timers.o(.text.prvTimerTask)
    prvUnlockQueue                           0x00001639   Thumb Code   134  queue.o(.text.prvUnlockQueue)
    [Anonymous Symbol]                       0x00001638   Section        0  queue.o(.text.prvUnlockQueue)
    [Anonymous Symbol]                       0x000016c0   Section        0  heap_1.o(.text.pvPortMalloc)
    [Anonymous Symbol]                       0x0000171c   Section        0  port.o(.text.pxPortInitialiseStack)
    [Anonymous Symbol]                       0x00001744   Section        0  list.o(.text.uxListRemove)
    [Anonymous Symbol]                       0x00001768   Section        0  list.o(.text.vListInitialise)
    [Anonymous Symbol]                       0x00001780   Section        0  list.o(.text.vListInitialiseItem)
    [Anonymous Symbol]                       0x00001788   Section        0  list.o(.text.vListInsert)
    [Anonymous Symbol]                       0x000017c4   Section        0  list.o(.text.vListInsertEnd)
    vPortEnableVFP                           0x000017e1   Thumb Code    14  port.o(.text.vPortEnableVFP)
    [Anonymous Symbol]                       0x000017e0   Section        0  port.o(.text.vPortEnableVFP)
    [Anonymous Symbol]                       0x000017f4   Section        0  port.o(.text.vPortEnterCritical)
    [Anonymous Symbol]                       0x0000183c   Section        0  port.o(.text.vPortExitCritical)
    [Anonymous Symbol]                       0x0000186c   Section        0  heap_1.o(.text.vPortFree)
    [Anonymous Symbol]                       0x00001888   Section        0  port.o(.text.vPortSetupTimerInterrupt)
    [Anonymous Symbol]                       0x000018ec   Section        0  port.o(.text.vPortSuppressTicksAndSleep)
    [Anonymous Symbol]                       0x00001a00   Section        0  port.o(.text.vPortValidateInterruptPriority)
    [Anonymous Symbol]                       0x00001a64   Section        0  queue.o(.text.vQueueWaitForMessageRestricted)
    [Anonymous Symbol]                       0x00001aa8   Section        0  tasks.o(.text.vTaskDelay)
    [Anonymous Symbol]                       0x00001afc   Section        0  tasks.o(.text.vTaskInternalSetTimeOutState)
    [Anonymous Symbol]                       0x00001b18   Section        0  tasks.o(.text.vTaskMissedYield)
    [Anonymous Symbol]                       0x00001b28   Section        0  tasks.o(.text.vTaskPlaceOnEventList)
    [Anonymous Symbol]                       0x00001b5c   Section        0  tasks.o(.text.vTaskPlaceOnEventListRestricted)
    [Anonymous Symbol]                       0x00001b9c   Section        0  tasks.o(.text.vTaskStartScheduler)
    [Anonymous Symbol]                       0x00001c2c   Section        0  tasks.o(.text.vTaskStepTick)
    [Anonymous Symbol]                       0x00001c64   Section        0  tasks.o(.text.vTaskSuspendAll)
    [Anonymous Symbol]                       0x00001c74   Section        0  tasks.o(.text.vTaskSwitchContext)
    [Anonymous Symbol]                       0x00001cfc   Section        0  port.o(.text.xPortStartScheduler)
    [Anonymous Symbol]                       0x00001e10   Section        0  queue.o(.text.xQueueGenericCreate)
    [Anonymous Symbol]                       0x00001e54   Section        0  queue.o(.text.xQueueGenericReset)
    [Anonymous Symbol]                       0x00001ed4   Section        0  queue.o(.text.xQueueGenericSend)
    [Anonymous Symbol]                       0x000020a4   Section        0  queue.o(.text.xQueueGenericSendFromISR)
    [Anonymous Symbol]                       0x000021c0   Section        0  queue.o(.text.xQueueReceive)
    [Anonymous Symbol]                       0x00002344   Section        0  tasks.o(.text.xTaskCheckForTimeOut)
    [Anonymous Symbol]                       0x000023e8   Section        0  tasks.o(.text.xTaskCreate)
    [Anonymous Symbol]                       0x00002448   Section        0  tasks.o(.text.xTaskGetSchedulerState)
    [Anonymous Symbol]                       0x00002470   Section        0  tasks.o(.text.xTaskGetTickCount)
    [Anonymous Symbol]                       0x0000247c   Section        0  tasks.o(.text.xTaskIncrementTick)
    [Anonymous Symbol]                       0x000025e0   Section        0  tasks.o(.text.xTaskPriorityDisinherit)
    [Anonymous Symbol]                       0x00002694   Section        0  tasks.o(.text.xTaskRemoveFromEventList)
    [Anonymous Symbol]                       0x00002730   Section        0  tasks.o(.text.xTaskResumeAll)
    [Anonymous Symbol]                       0x00002848   Section        0  timers.o(.text.xTimerCreateTimerTask)
    [Anonymous Symbol]                       0x000028a8   Section        0  timers.o(.text.xTimerGenericCommand)
    i.GPIODirModeSet                         0x00002910   Section        0  gpio.o(i.GPIODirModeSet)
    i.GPIOPadConfigSet                       0x00002938   Section        0  gpio.o(i.GPIOPadConfigSet)
    i.GPIOPinConfigure                       0x00002aa8   Section        0  gpio.o(i.GPIOPinConfigure)
    i.GPIOPinTypeGPIOOutput                  0x00002aec   Section        0  gpio.o(i.GPIOPinTypeGPIOOutput)
    i.GPIOPinTypeUART                        0x00002b08   Section        0  gpio.o(i.GPIOPinTypeUART)
    i.GPIOPinWrite                           0x00002b24   Section        0  gpio.o(i.GPIOPinWrite)
    i.SysCtlClockGet                         0x00002b2c   Section        0  sysctl.o(i.SysCtlClockGet)
    i.SysCtlClockSet                         0x00002c80   Section        0  sysctl.o(i.SysCtlClockSet)
    i.SysCtlPeripheralEnable                 0x00002da0   Section        0  sysctl.o(i.SysCtlPeripheralEnable)
    i.SysCtlPeripheralReady                  0x00002dc8   Section        0  sysctl.o(i.SysCtlPeripheralReady)
    i.UARTClockSourceSet                     0x00002df4   Section        0  uart.o(i.UARTClockSourceSet)
    i.UARTConfigSetExpClk                    0x00002dfa   Section        0  uart.o(i.UARTConfigSetExpClk)
    i.__scatterload_copy                     0x00002e68   Section       14  handlers.o(i.__scatterload_copy)
    i.__scatterload_null                     0x00002e76   Section        2  handlers.o(i.__scatterload_null)
    i.__scatterload_zeroinit                 0x00002e78   Section       14  handlers.o(i.__scatterload_zeroinit)
    g_ppui32GPIOIntMapBlizzard               0x00002e88   Data         192  gpio.o(.constdata)
    .constdata                               0x00002e88   Section      552  gpio.o(.constdata)
    g_ppui32GPIOIntMapSnowflake              0x00002f48   Data         216  gpio.o(.constdata)
    g_pui32GPIOBaseAddrs                     0x00003020   Data         144  gpio.o(.constdata)
    g_pui32VCOFrequencies                    0x000030b0   Data           8  sysctl.o(.constdata)
    .constdata                               0x000030b0   Section      596  sysctl.o(.constdata)
    g_pui32Xtals                             0x000030b8   Data         108  sysctl.o(.constdata)
    g_pppui32XTALtoVCO                       0x00003124   Data         432  sysctl.o(.constdata)
    g_sXTALtoMEMTIM                          0x000032d4   Data          48  sysctl.o(.constdata)
    .L.str                                   0x00003304   Data           2  main.o(.rodata.str1.1)
    [Anonymous Symbol]                       0x00003304   Section        0  main.o(.rodata.str1.1)
    uxCriticalNesting                        0x20000074   Data           4  port.o(.data.uxCriticalNesting)
    [Anonymous Symbol]                       0x20000074   Section        0  port.o(.data.uxCriticalNesting)
    Task2.change                             0x20000078   Data           1  main.o(.bss.Task2.change)
    [Anonymous Symbol]                       0x20000078   Section        0  main.o(.bss.Task2.change)
    hours_update                             0x20000080   Data           1  main.o(.bss.hours_update)
    [Anonymous Symbol]                       0x20000080   Section        0  main.o(.bss.hours_update)
    minutes_update                           0x20000081   Data           1  main.o(.bss.minutes_update)
    [Anonymous Symbol]                       0x20000081   Section        0  main.o(.bss.minutes_update)
    prvSampleTimeNow.xLastTime               0x20000084   Data           4  timers.o(.bss.prvSampleTimeNow.xLastTime)
    [Anonymous Symbol]                       0x20000084   Section        0  timers.o(.bss.prvSampleTimeNow.xLastTime)
    pvPortMalloc.pucAlignedHeap              0x20000088   Data           4  heap_1.o(.bss.pvPortMalloc.pucAlignedHeap)
    [Anonymous Symbol]                       0x20000088   Section        0  heap_1.o(.bss.pvPortMalloc.pucAlignedHeap)
    pxCurrentTimerList                       0x20000090   Data           4  timers.o(.bss.pxCurrentTimerList)
    [Anonymous Symbol]                       0x20000090   Section        0  timers.o(.bss.pxCurrentTimerList)
    pxDelayedTaskList                        0x20000094   Data           4  tasks.o(.bss.pxDelayedTaskList)
    [Anonymous Symbol]                       0x20000094   Section        0  tasks.o(.bss.pxDelayedTaskList)
    pxOverflowDelayedTaskList                0x20000098   Data           4  tasks.o(.bss.pxOverflowDelayedTaskList)
    [Anonymous Symbol]                       0x20000098   Section        0  tasks.o(.bss.pxOverflowDelayedTaskList)
    pxOverflowTimerList                      0x2000009c   Data           4  timers.o(.bss.pxOverflowTimerList)
    [Anonymous Symbol]                       0x2000009c   Section        0  timers.o(.bss.pxOverflowTimerList)
    pxReadyTasksLists                        0x200000a0   Data         100  tasks.o(.bss.pxReadyTasksLists)
    [Anonymous Symbol]                       0x200000a0   Section        0  tasks.o(.bss.pxReadyTasksLists)
    ucHeap                                   0x20000108   Data        4096  heap_1.o(.bss.ucHeap)
    [Anonymous Symbol]                       0x20000108   Section        0  heap_1.o(.bss.ucHeap)
    ucMaxSysCallPriority                     0x20001108   Data           1  port.o(.bss.ucMaxSysCallPriority)
    [Anonymous Symbol]                       0x20001108   Section        0  port.o(.bss.ucMaxSysCallPriority)
    ulMaxPRIGROUPValue                       0x2000110c   Data           4  port.o(.bss.ulMaxPRIGROUPValue)
    [Anonymous Symbol]                       0x2000110c   Section        0  port.o(.bss.ulMaxPRIGROUPValue)
    ulStoppedTimerCompensation               0x20001110   Data           1  port.o(.bss.ulStoppedTimerCompensation)
    [Anonymous Symbol]                       0x20001110   Section        0  port.o(.bss.ulStoppedTimerCompensation)
    ulTimerCountsForOneTick                  0x20001114   Data           4  port.o(.bss.ulTimerCountsForOneTick)
    [Anonymous Symbol]                       0x20001114   Section        0  port.o(.bss.ulTimerCountsForOneTick)
    uxCurrentNumberOfTasks                   0x20001118   Data           4  tasks.o(.bss.uxCurrentNumberOfTasks)
    [Anonymous Symbol]                       0x20001118   Section        0  tasks.o(.bss.uxCurrentNumberOfTasks)
    uxDeletedTasksWaitingCleanUp             0x2000111c   Data           4  tasks.o(.bss.uxDeletedTasksWaitingCleanUp)
    [Anonymous Symbol]                       0x2000111c   Section        0  tasks.o(.bss.uxDeletedTasksWaitingCleanUp)
    uxSchedulerSuspended                     0x20001120   Data           4  tasks.o(.bss.uxSchedulerSuspended)
    [Anonymous Symbol]                       0x20001120   Section        0  tasks.o(.bss.uxSchedulerSuspended)
    uxTaskNumber                             0x20001124   Data           4  tasks.o(.bss.uxTaskNumber)
    [Anonymous Symbol]                       0x20001124   Section        0  tasks.o(.bss.uxTaskNumber)
    uxTopReadyPriority                       0x20001128   Data           4  tasks.o(.bss.uxTopReadyPriority)
    [Anonymous Symbol]                       0x20001128   Section        0  tasks.o(.bss.uxTopReadyPriority)
    xActiveTimerList1                        0x2000112c   Data          20  timers.o(.bss.xActiveTimerList1)
    [Anonymous Symbol]                       0x2000112c   Section        0  timers.o(.bss.xActiveTimerList1)
    xActiveTimerList2                        0x20001140   Data          20  timers.o(.bss.xActiveTimerList2)
    [Anonymous Symbol]                       0x20001140   Section        0  timers.o(.bss.xActiveTimerList2)
    xDelayedTaskList1                        0x20001154   Data          20  tasks.o(.bss.xDelayedTaskList1)
    [Anonymous Symbol]                       0x20001154   Section        0  tasks.o(.bss.xDelayedTaskList1)
    xDelayedTaskList2                        0x20001168   Data          20  tasks.o(.bss.xDelayedTaskList2)
    [Anonymous Symbol]                       0x20001168   Section        0  tasks.o(.bss.xDelayedTaskList2)
    xIdleTaskHandle                          0x2000117c   Data           4  tasks.o(.bss.xIdleTaskHandle)
    [Anonymous Symbol]                       0x2000117c   Section        0  tasks.o(.bss.xIdleTaskHandle)
    xMaximumPossibleSuppressedTicks          0x20001180   Data           4  port.o(.bss.xMaximumPossibleSuppressedTicks)
    [Anonymous Symbol]                       0x20001180   Section        0  port.o(.bss.xMaximumPossibleSuppressedTicks)
    xNextFreeByte                            0x20001184   Data           4  heap_1.o(.bss.xNextFreeByte)
    [Anonymous Symbol]                       0x20001184   Section        0  heap_1.o(.bss.xNextFreeByte)
    xNextTaskUnblockTime                     0x20001188   Data           4  tasks.o(.bss.xNextTaskUnblockTime)
    [Anonymous Symbol]                       0x20001188   Section        0  tasks.o(.bss.xNextTaskUnblockTime)
    xNumOfOverflows                          0x2000118c   Data           4  tasks.o(.bss.xNumOfOverflows)
    [Anonymous Symbol]                       0x2000118c   Section        0  tasks.o(.bss.xNumOfOverflows)
    xPendedTicks                             0x20001190   Data           4  tasks.o(.bss.xPendedTicks)
    [Anonymous Symbol]                       0x20001190   Section        0  tasks.o(.bss.xPendedTicks)
    xPendingReadyList                        0x20001194   Data          20  tasks.o(.bss.xPendingReadyList)
    [Anonymous Symbol]                       0x20001194   Section        0  tasks.o(.bss.xPendingReadyList)
    xSchedulerRunning                        0x200011b0   Data           4  tasks.o(.bss.xSchedulerRunning)
    [Anonymous Symbol]                       0x200011b0   Section        0  tasks.o(.bss.xSchedulerRunning)
    xSuspendedTaskList                       0x200011b4   Data          20  tasks.o(.bss.xSuspendedTaskList)
    [Anonymous Symbol]                       0x200011b4   Section        0  tasks.o(.bss.xSuspendedTaskList)
    xTasksWaitingTermination                 0x200011c8   Data          20  tasks.o(.bss.xTasksWaitingTermination)
    [Anonymous Symbol]                       0x200011c8   Section        0  tasks.o(.bss.xTasksWaitingTermination)
    xTickCount                               0x200011dc   Data           4  tasks.o(.bss.xTickCount)
    [Anonymous Symbol]                       0x200011dc   Section        0  tasks.o(.bss.xTickCount)
    xTimerQueue                              0x200011e0   Data           4  timers.o(.bss.xTimerQueue)
    [Anonymous Symbol]                       0x200011e0   Section        0  timers.o(.bss.xTimerQueue)
    xTimerTaskHandle                         0x200011e4   Data           4  timers.o(.bss.xTimerTaskHandle)
    [Anonymous Symbol]                       0x200011e4   Section        0  timers.o(.bss.xTimerTaskHandle)
    xYieldPending                            0x200011e8   Data           4  tasks.o(.bss.xYieldPending)
    [Anonymous Symbol]                       0x200011e8   Section        0  tasks.o(.bss.xYieldPending)
    STACK                                    0x200011f0   Section      512  startup_tm4c123.o(STACK)

    Global Symbols

    Symbol Name                              Value     Ov Type        Size  Object(Section)

    BuildAttributes$$THM_ISAv4$E$P$D$K$B$S$7EM$VFPi3$EXTD16$VFPS$VFMA$PE$A:L22UL41UL21$X:L11$S22US41US21$IEEE1$IW$~IW$USESV6$~STKCKD$USESV7$~SHL$OTIME$EBA8$MICROLIB$REQ8$PRES8$EABIv2 0x00000000   Number         0  anon$$obj.o ABSOLUTE
    __Vectors                                0x00000000   Data           4  startup_tm4c123.o(RESET)
    __cpp_initialize__aeabi_                  - Undefined Weak Reference
    __cxa_finalize                            - Undefined Weak Reference
    __decompress                              - Undefined Weak Reference
    _clock_init                               - Undefined Weak Reference
    _microlib_exit                            - Undefined Weak Reference
    __Vectors_End                            0x0000026c   Data           0  startup_tm4c123.o(RESET)
    __Vectors_Size                           0x0000026c   Number         0  startup_tm4c123.o ABSOLUTE
    __main                                   0x0000026d   Thumb Code     0  entry.o(.ARM.Collect$$$$00000000)
    _main_stk                                0x0000026d   Thumb Code     0  entry2.o(.ARM.Collect$$$$00000001)
    _main_scatterload                        0x00000271   Thumb Code     0  entry5.o(.ARM.Collect$$$$00000004)
    __main_after_scatterload                 0x00000275   Thumb Code     0  entry5.o(.ARM.Collect$$$$00000004)
    _main_clock                              0x00000275   Thumb Code     0  entry7b.o(.ARM.Collect$$$$00000008)
    _main_cpp_init                           0x00000275   Thumb Code     0  entry8b.o(.ARM.Collect$$$$0000000A)
    _main_init                               0x00000275   Thumb Code     0  entry9a.o(.ARM.Collect$$$$0000000B)
    __rt_final_cpp                           0x0000027d   Thumb Code     0  entry10a.o(.ARM.Collect$$$$0000000D)
    __rt_final_exit                          0x0000027d   Thumb Code     0  entry11a.o(.ARM.Collect$$$$0000000F)
    SysCtlDelay                              0x00000281   Thumb Code     6  sysctl.o(.emb_text)
    Reset_Handler                            0x00000289   Thumb Code     8  startup_tm4c123.o(.text)
    NMI_Handler                              0x00000291   Thumb Code     2  startup_tm4c123.o(.text)
    HardFault_Handler                        0x00000293   Thumb Code     2  startup_tm4c123.o(.text)
    MemManage_Handler                        0x00000295   Thumb Code     2  startup_tm4c123.o(.text)
    BusFault_Handler                         0x00000297   Thumb Code     2  startup_tm4c123.o(.text)
    UsageFault_Handler                       0x00000299   Thumb Code     2  startup_tm4c123.o(.text)
    DebugMon_Handler                         0x0000029d   Thumb Code     2  startup_tm4c123.o(.text)
    GPIOA_Handler                            0x000002a3   Thumb Code     2  startup_tm4c123.o(.text)
    GPIOB_Handler                            0x000002a5   Thumb Code     2  startup_tm4c123.o(.text)
    GPIOC_Handler                            0x000002a7   Thumb Code     2  startup_tm4c123.o(.text)
    GPIOD_Handler                            0x000002a9   Thumb Code     2  startup_tm4c123.o(.text)
    GPIOE_Handler                            0x000002ab   Thumb Code     2  startup_tm4c123.o(.text)
    UART0_Handler                            0x000002ad   Thumb Code     2  startup_tm4c123.o(.text)
    UART1_Handler                            0x000002af   Thumb Code     2  startup_tm4c123.o(.text)
    SSI0_Handler                             0x000002b1   Thumb Code     2  startup_tm4c123.o(.text)
    I2C0_Handler                             0x000002b3   Thumb Code     2  startup_tm4c123.o(.text)
    PMW0_FAULT_Handler                       0x000002b5   Thumb Code     2  startup_tm4c123.o(.text)
    PWM0_0_Handler                           0x000002b7   Thumb Code     2  startup_tm4c123.o(.text)
    PWM0_1_Handler                           0x000002b9   Thumb Code     2  startup_tm4c123.o(.text)
    PWM0_2_Handler                           0x000002bb   Thumb Code     2  startup_tm4c123.o(.text)
    QEI0_Handler                             0x000002bd   Thumb Code     2  startup_tm4c123.o(.text)
    ADC0SS0_Handler                          0x000002bf   Thumb Code     2  startup_tm4c123.o(.text)
    ADC0SS1_Handler                          0x000002c1   Thumb Code     2  startup_tm4c123.o(.text)
    ADC0SS2_Handler                          0x000002c3   Thumb Code     2  startup_tm4c123.o(.text)
    ADC0SS3_Handler                          0x000002c5   Thumb Code     2  startup_tm4c123.o(.text)
    WDT0_Handler                             0x000002c7   Thumb Code     2  startup_tm4c123.o(.text)
    TIMER0A_Handler                          0x000002c9   Thumb Code     2  startup_tm4c123.o(.text)
    TIMER0B_Handler                          0x000002cb   Thumb Code     2  startup_tm4c123.o(.text)
    TIMER1A_Handler                          0x000002cd   Thumb Code     2  startup_tm4c123.o(.text)
    TIMER1B_Handler                          0x000002cf   Thumb Code     2  startup_tm4c123.o(.text)
    TIMER2A_Handler                          0x000002d1   Thumb Code     2  startup_tm4c123.o(.text)
    TIMER2B_Handler                          0x000002d3   Thumb Code     2  startup_tm4c123.o(.text)
    COMP0_Handler                            0x000002d5   Thumb Code     2  startup_tm4c123.o(.text)
    COMP1_Handler                            0x000002d7   Thumb Code     2  startup_tm4c123.o(.text)
    COMP2_Handler                            0x000002d9   Thumb Code     2  startup_tm4c123.o(.text)
    SYSCTL_Handler                           0x000002db   Thumb Code     2  startup_tm4c123.o(.text)
    FLASH_Handler                            0x000002dd   Thumb Code     2  startup_tm4c123.o(.text)
    GPIOF_Handler                            0x000002df   Thumb Code     2  startup_tm4c123.o(.text)
    GPIOG_Handler                            0x000002e1   Thumb Code     2  startup_tm4c123.o(.text)
    GPIOH_Handler                            0x000002e3   Thumb Code     2  startup_tm4c123.o(.text)
    UART2_Handler                            0x000002e5   Thumb Code     2  startup_tm4c123.o(.text)
    SSI1_Handler                             0x000002e7   Thumb Code     2  startup_tm4c123.o(.text)
    TIMER3A_Handler                          0x000002e9   Thumb Code     2  startup_tm4c123.o(.text)
    TIMER3B_Handler                          0x000002eb   Thumb Code     2  startup_tm4c123.o(.text)
    I2C1_Handler                             0x000002ed   Thumb Code     2  startup_tm4c123.o(.text)
    QEI1_Handler                             0x000002ef   Thumb Code     2  startup_tm4c123.o(.text)
    CAN0_Handler                             0x000002f1   Thumb Code     2  startup_tm4c123.o(.text)
    CAN1_Handler                             0x000002f3   Thumb Code     2  startup_tm4c123.o(.text)
    CAN2_Handler                             0x000002f5   Thumb Code     2  startup_tm4c123.o(.text)
    HIB_Handler                              0x000002f7   Thumb Code     2  startup_tm4c123.o(.text)
    USB0_Handler                             0x000002f9   Thumb Code     2  startup_tm4c123.o(.text)
    PWM0_3_Handler                           0x000002fb   Thumb Code     2  startup_tm4c123.o(.text)
    UDMA_Handler                             0x000002fd   Thumb Code     2  startup_tm4c123.o(.text)
    UDMAERR_Handler                          0x000002ff   Thumb Code     2  startup_tm4c123.o(.text)
    ADC1SS0_Handler                          0x00000301   Thumb Code     2  startup_tm4c123.o(.text)
    ADC1SS1_Handler                          0x00000303   Thumb Code     2  startup_tm4c123.o(.text)
    ADC1SS2_Handler                          0x00000305   Thumb Code     2  startup_tm4c123.o(.text)
    ADC1SS3_Handler                          0x00000307   Thumb Code     2  startup_tm4c123.o(.text)
    GPIOJ_Handler                            0x00000309   Thumb Code     2  startup_tm4c123.o(.text)
    GPIOK_Handler                            0x0000030b   Thumb Code     2  startup_tm4c123.o(.text)
    GPIOL_Handler                            0x0000030d   Thumb Code     2  startup_tm4c123.o(.text)
    SSI2_Handler                             0x0000030f   Thumb Code     2  startup_tm4c123.o(.text)
    SSI3_Handler                             0x00000311   Thumb Code     2  startup_tm4c123.o(.text)
    UART3_Handler                            0x00000313   Thumb Code     2  startup_tm4c123.o(.text)
    UART4_Handler                            0x00000315   Thumb Code     2  startup_tm4c123.o(.text)
    UART5_Handler                            0x00000317   Thumb Code     2  startup_tm4c123.o(.text)
    UART6_Handler                            0x00000319   Thumb Code     2  startup_tm4c123.o(.text)
    UART7_Handler                            0x0000031b   Thumb Code     2  startup_tm4c123.o(.text)
    I2C2_Handler                             0x0000031d   Thumb Code     2  startup_tm4c123.o(.text)
    I2C3_Handler                             0x0000031f   Thumb Code     2  startup_tm4c123.o(.text)
    TIMER4A_Handler                          0x00000321   Thumb Code     2  startup_tm4c123.o(.text)
    TIMER4B_Handler                          0x00000323   Thumb Code     2  startup_tm4c123.o(.text)
    TIMER5A_Handler                          0x00000325   Thumb Code     2  startup_tm4c123.o(.text)
    TIMER5B_Handler                          0x00000327   Thumb Code     2  startup_tm4c123.o(.text)
    WTIMER0A_Handler                         0x00000329   Thumb Code     2  startup_tm4c123.o(.text)
    WTIMER0B_Handler                         0x0000032b   Thumb Code     2  startup_tm4c123.o(.text)
    WTIMER1A_Handler                         0x0000032d   Thumb Code     2  startup_tm4c123.o(.text)
    WTIMER1B_Handler                         0x0000032f   Thumb Code     2  startup_tm4c123.o(.text)
    WTIMER2A_Handler                         0x00000331   Thumb Code     2  startup_tm4c123.o(.text)
    WTIMER2B_Handler                         0x00000333   Thumb Code     2  startup_tm4c123.o(.text)
    WTIMER3A_Handler                         0x00000335   Thumb Code     2  startup_tm4c123.o(.text)
    WTIMER3B_Handler                         0x00000337   Thumb Code     2  startup_tm4c123.o(.text)
    WTIMER4A_Handler                         0x00000339   Thumb Code     2  startup_tm4c123.o(.text)
    WTIMER4B_Handler                         0x0000033b   Thumb Code     2  startup_tm4c123.o(.text)
    WTIMER5A_Handler                         0x0000033d   Thumb Code     2  startup_tm4c123.o(.text)
    WTIMER5B_Handler                         0x0000033f   Thumb Code     2  startup_tm4c123.o(.text)
    FPU_Handler                              0x00000341   Thumb Code     2  startup_tm4c123.o(.text)
    I2C4_Handler                             0x00000343   Thumb Code     2  startup_tm4c123.o(.text)
    I2C5_Handler                             0x00000345   Thumb Code     2  startup_tm4c123.o(.text)
    GPIOM_Handler                            0x00000347   Thumb Code     2  startup_tm4c123.o(.text)
    GPION_Handler                            0x00000349   Thumb Code     2  startup_tm4c123.o(.text)
    QEI2_Handler                             0x0000034b   Thumb Code     2  startup_tm4c123.o(.text)
    GPIOP0_Handler                           0x0000034d   Thumb Code     2  startup_tm4c123.o(.text)
    GPIOP1_Handler                           0x0000034f   Thumb Code     2  startup_tm4c123.o(.text)
    GPIOP2_Handler                           0x00000351   Thumb Code     2  startup_tm4c123.o(.text)
    GPIOP3_Handler                           0x00000353   Thumb Code     2  startup_tm4c123.o(.text)
    GPIOP4_Handler                           0x00000355   Thumb Code     2  startup_tm4c123.o(.text)
    GPIOP5_Handler                           0x00000357   Thumb Code     2  startup_tm4c123.o(.text)
    GPIOP6_Handler                           0x00000359   Thumb Code     2  startup_tm4c123.o(.text)
    GPIOP7_Handler                           0x0000035b   Thumb Code     2  startup_tm4c123.o(.text)
    GPIOQ0_Handler                           0x0000035d   Thumb Code     2  startup_tm4c123.o(.text)
    GPIOQ1_Handler                           0x0000035f   Thumb Code     2  startup_tm4c123.o(.text)
    GPIOQ2_Handler                           0x00000361   Thumb Code     2  startup_tm4c123.o(.text)
    GPIOQ3_Handler                           0x00000363   Thumb Code     2  startup_tm4c123.o(.text)
    GPIOQ4_Handler                           0x00000365   Thumb Code     2  startup_tm4c123.o(.text)
    GPIOQ5_Handler                           0x00000367   Thumb Code     2  startup_tm4c123.o(.text)
    GPIOQ6_Handler                           0x00000369   Thumb Code     2  startup_tm4c123.o(.text)
    GPIOQ7_Handler                           0x0000036b   Thumb Code     2  startup_tm4c123.o(.text)
    GPIOR_Handler                            0x0000036d   Thumb Code     2  startup_tm4c123.o(.text)
    GPIOS_Handler                            0x0000036f   Thumb Code     2  startup_tm4c123.o(.text)
    PMW1_0_Handler                           0x00000371   Thumb Code     2  startup_tm4c123.o(.text)
    PWM1_1_Handler                           0x00000373   Thumb Code     2  startup_tm4c123.o(.text)
    PWM1_2_Handler                           0x00000375   Thumb Code     2  startup_tm4c123.o(.text)
    PWM1_3_Handler                           0x00000377   Thumb Code     2  startup_tm4c123.o(.text)
    PWM1_FAULT_Handler                       0x00000379   Thumb Code     2  startup_tm4c123.o(.text)
    __aeabi_memcpy                           0x00000385   Thumb Code    36  memcpya.o(.text)
    __aeabi_memcpy4                          0x00000385   Thumb Code     0  memcpya.o(.text)
    __aeabi_memcpy8                          0x00000385   Thumb Code     0  memcpya.o(.text)
    __aeabi_memset                           0x000003a9   Thumb Code    14  memseta.o(.text)
    __aeabi_memset4                          0x000003a9   Thumb Code     0  memseta.o(.text)
    __aeabi_memset8                          0x000003a9   Thumb Code     0  memseta.o(.text)
    __aeabi_memclr                           0x000003b7   Thumb Code     4  memseta.o(.text)
    __aeabi_memclr4                          0x000003b7   Thumb Code     0  memseta.o(.text)
    __aeabi_memclr8                          0x000003b7   Thumb Code     0  memseta.o(.text)
    _memset$wrapper                          0x000003bb   Thumb Code    18  memseta.o(.text)
    strlen                                   0x000003cd   Thumb Code    14  strlen.o(.text)
    __scatterload                            0x000003dd   Thumb Code    28  init.o(.text)
    __scatterload_rt2                        0x000003dd   Thumb Code     0  init.o(.text)
    ByteToStr                                0x00000401   Thumb Code    54  main.o(.text.ByteToStr)
    LCD_Clear                                0x00000439   Thumb Code    28  lcd.o(.text.LCD_Clear)
    LCD_Cursor                               0x000004d5   Thumb Code    28  lcd.o(.text.LCD_Cursor)
    LCD_PrintLn                              0x000004f1   Thumb Code    48  lcd.o(.text.LCD_PrintLn)
    LCD_PrintLn_Cont                         0x00000521   Thumb Code    68  lcd.o(.text.LCD_PrintLn_Cont)
    LCD_Show                                 0x00000565   Thumb Code   130  lcd.o(.text.LCD_Show)
    LCD_init                                 0x000005e9   Thumb Code   192  lcd.o(.text.LCD_init)
    PendSV_Handler                           0x000006b1   Thumb Code   100  port.o(.text.PendSV_Handler)
    Read_From_Keyboard                       0x00000715   Thumb Code    52  main.o(.text.Read_From_Keyboard)
    Read_Time                                0x00000749   Thumb Code    56  main.o(.text.Read_Time)
    SVC_Handler                              0x00000781   Thumb Code    36  port.o(.text.SVC_Handler)
    SysTick_Handler                          0x000007a5   Thumb Code    46  port.o(.text.SysTick_Handler)
    SystemInit                               0x000007d5   Thumb Code   112  system_tm4c123.o(.text.SystemInit)
    Task1                                    0x00000845   Thumb Code   142  main.o(.text.Task1)
    Task2                                    0x000008d5   Thumb Code   320  main.o(.text.Task2)
    Task3                                    0x00000a15   Thumb Code   216  main.o(.text.Task3)
    UART_init                                0x00000b81   Thumb Code   106  uart.o(.text.UART_init)
    UART_receive                             0x00000bed   Thumb Code    20  uart.o(.text.UART_receive)
    UART_send                                0x00000c01   Thumb Code    18  uart.o(.text.UART_send)
    UART_send_string                         0x00000c15   Thumb Code    28  uart.o(.text.UART_send_string)
    eTaskConfirmSleepModeStatus              0x00000c31   Thumb Code    60  tasks.o(.text.eTaskConfirmSleepModeStatus)
    main                                     0x00000c6d   Thumb Code   124  main.o(.text.main)
    pvPortMalloc                             0x000016c1   Thumb Code    90  heap_1.o(.text.pvPortMalloc)
    pxPortInitialiseStack                    0x0000171d   Thumb Code    40  port.o(.text.pxPortInitialiseStack)
    uxListRemove                             0x00001745   Thumb Code    36  list.o(.text.uxListRemove)
    vListInitialise                          0x00001769   Thumb Code    22  list.o(.text.vListInitialise)
    vListInitialiseItem                      0x00001781   Thumb Code     6  list.o(.text.vListInitialiseItem)
    vListInsert                              0x00001789   Thumb Code    58  list.o(.text.vListInsert)
    vListInsertEnd                           0x000017c5   Thumb Code    28  list.o(.text.vListInsertEnd)
    vPortEnterCritical                       0x000017f5   Thumb Code    70  port.o(.text.vPortEnterCritical)
    vPortExitCritical                        0x0000183d   Thumb Code    46  port.o(.text.vPortExitCritical)
    vPortFree                                0x0000186d   Thumb Code    26  heap_1.o(.text.vPortFree)
    vPortSetupTimerInterrupt                 0x00001889   Thumb Code   100  port.o(.text.vPortSetupTimerInterrupt)
    vPortSuppressTicksAndSleep               0x000018ed   Thumb Code   276  port.o(.text.vPortSuppressTicksAndSleep)
    vPortValidateInterruptPriority           0x00001a01   Thumb Code    98  port.o(.text.vPortValidateInterruptPriority)
    vQueueWaitForMessageRestricted           0x00001a65   Thumb Code    68  queue.o(.text.vQueueWaitForMessageRestricted)
    vTaskDelay                               0x00001aa9   Thumb Code    84  tasks.o(.text.vTaskDelay)
    vTaskInternalSetTimeOutState             0x00001afd   Thumb Code    26  tasks.o(.text.vTaskInternalSetTimeOutState)
    vTaskMissedYield                         0x00001b19   Thumb Code    14  tasks.o(.text.vTaskMissedYield)
    vTaskPlaceOnEventList                    0x00001b29   Thumb Code    50  tasks.o(.text.vTaskPlaceOnEventList)
    vTaskPlaceOnEventListRestricted          0x00001b5d   Thumb Code    62  tasks.o(.text.vTaskPlaceOnEventListRestricted)
    vTaskStartScheduler                      0x00001b9d   Thumb Code   136  tasks.o(.text.vTaskStartScheduler)
    vTaskStepTick                            0x00001c2d   Thumb Code    54  tasks.o(.text.vTaskStepTick)
    vTaskSuspendAll                          0x00001c65   Thumb Code    16  tasks.o(.text.vTaskSuspendAll)
    vTaskSwitchContext                       0x00001c75   Thumb Code   134  tasks.o(.text.vTaskSwitchContext)
    xPortStartScheduler                      0x00001cfd   Thumb Code   274  port.o(.text.xPortStartScheduler)
    xQueueGenericCreate                      0x00001e11   Thumb Code    66  queue.o(.text.xQueueGenericCreate)
    xQueueGenericReset                       0x00001e55   Thumb Code   126  queue.o(.text.xQueueGenericReset)
    xQueueGenericSend                        0x00001ed5   Thumb Code   464  queue.o(.text.xQueueGenericSend)
    xQueueGenericSendFromISR                 0x000020a5   Thumb Code   282  queue.o(.text.xQueueGenericSendFromISR)
    xQueueReceive                            0x000021c1   Thumb Code   388  queue.o(.text.xQueueReceive)
    xTaskCheckForTimeOut                     0x00002345   Thumb Code   162  tasks.o(.text.xTaskCheckForTimeOut)
    xTaskCreate                              0x000023e9   Thumb Code    96  tasks.o(.text.xTaskCreate)
    xTaskGetSchedulerState                   0x00002449   Thumb Code    38  tasks.o(.text.xTaskGetSchedulerState)
    xTaskGetTickCount                        0x00002471   Thumb Code    12  tasks.o(.text.xTaskGetTickCount)
    xTaskIncrementTick                       0x0000247d   Thumb Code   356  tasks.o(.text.xTaskIncrementTick)
    xTaskPriorityDisinherit                  0x000025e1   Thumb Code   178  tasks.o(.text.xTaskPriorityDisinherit)
    xTaskRemoveFromEventList                 0x00002695   Thumb Code   156  tasks.o(.text.xTaskRemoveFromEventList)
    xTaskResumeAll                           0x00002731   Thumb Code   280  tasks.o(.text.xTaskResumeAll)
    xTimerCreateTimerTask                    0x00002849   Thumb Code    88  timers.o(.text.xTimerCreateTimerTask)
    xTimerGenericCommand                     0x000028a9   Thumb Code   104  timers.o(.text.xTimerGenericCommand)
    GPIODirModeSet                           0x00002911   Thumb Code    40  gpio.o(i.GPIODirModeSet)
    GPIOPadConfigSet                         0x00002939   Thumb Code   354  gpio.o(i.GPIOPadConfigSet)
    GPIOPinConfigure                         0x00002aa9   Thumb Code    60  gpio.o(i.GPIOPinConfigure)
    GPIOPinTypeGPIOOutput                    0x00002aed   Thumb Code    28  gpio.o(i.GPIOPinTypeGPIOOutput)
    GPIOPinTypeUART                          0x00002b09   Thumb Code    28  gpio.o(i.GPIOPinTypeUART)
    GPIOPinWrite                             0x00002b25   Thumb Code     6  gpio.o(i.GPIOPinWrite)
    SysCtlClockGet                           0x00002b2d   Thumb Code   304  sysctl.o(i.SysCtlClockGet)
    SysCtlClockSet                           0x00002c81   Thumb Code   270  sysctl.o(i.SysCtlClockSet)
    SysCtlPeripheralEnable                   0x00002da1   Thumb Code    36  sysctl.o(i.SysCtlPeripheralEnable)
    SysCtlPeripheralReady                    0x00002dc9   Thumb Code    40  sysctl.o(i.SysCtlPeripheralReady)
    UARTClockSourceSet                       0x00002df5   Thumb Code     6  uart.o(i.UARTClockSourceSet)
    UARTConfigSetExpClk                      0x00002dfb   Thumb Code   110  uart.o(i.UARTConfigSetExpClk)
    __scatterload_copy                       0x00002e69   Thumb Code    14  handlers.o(i.__scatterload_copy)
    __scatterload_null                       0x00002e77   Thumb Code     2  handlers.o(i.__scatterload_null)
    __scatterload_zeroinit                   0x00002e79   Thumb Code    14  handlers.o(i.__scatterload_zeroinit)
    Region$$Table$$Base                      0x00003308   Number         0  anon$$obj.o(Region$$Table)
    Region$$Table$$Limit                     0x00003328   Number         0  anon$$obj.o(Region$$Table)
    SystemCoreClock                          0x20000000   Data           4  system_tm4c123.o(.data.SystemCoreClock)
    cities                                   0x20000004   Data         100  main.o(.data.cities)
    timediff                                 0x20000068   Data          10  main.o(.data.timediff)
    cont                                     0x2000007c   Data           4  lcd.o(.bss.cont)
    pxCurrentTCB                             0x2000008c   Data           4  tasks.o(.bss.pxCurrentTCB)
    selection                                0x20000104   Data           4  main.o(.bss.selection)
    xQueue1                                  0x200011a8   Data           4  main.o(.bss.xQueue1)
    xQueue2                                  0x200011ac   Data           4  main.o(.bss.xQueue2)
    __initial_sp                             0x200013f0   Data           0  startup_tm4c123.o(STACK)



==============================================================================

Memory Map of the image

  Image Entry point : 0x00000289

  Load Region LR_1 (Base: 0x00000000, Size: 0x000033a0, Max: 0xffffffff, ABSOLUTE)

    Execution Region ER_RO (Exec base: 0x00000000, Load base: 0x00000000, Size: 0x00003328, Max: 0xffffffff, ABSOLUTE)

    Exec Addr    Load Addr    Size         Type   Attr      Idx    E Section Name        Object

    0x00000000   0x00000000   0x0000026c   Data   RO           80    RESET               startup_tm4c123.o
    0x0000026c   0x0000026c   0x00000000   Code   RO         1612  * .ARM.Collect$$$$00000000  mc_w.l(entry.o)
    0x0000026c   0x0000026c   0x00000004   Code   RO         1623    .ARM.Collect$$$$00000001  mc_w.l(entry2.o)
    0x00000270   0x00000270   0x00000004   Code   RO         1626    .ARM.Collect$$$$00000004  mc_w.l(entry5.o)
    0x00000274   0x00000274   0x00000000   Code   RO         1628    .ARM.Collect$$$$00000008  mc_w.l(entry7b.o)
    0x00000274   0x00000274   0x00000000   Code   RO         1630    .ARM.Collect$$$$0000000A  mc_w.l(entry8b.o)
    0x00000274   0x00000274   0x00000008   Code   RO         1631    .ARM.Collect$$$$0000000B  mc_w.l(entry9a.o)
    0x0000027c   0x0000027c   0x00000000   Code   RO         1633    .ARM.Collect$$$$0000000D  mc_w.l(entry10a.o)
    0x0000027c   0x0000027c   0x00000000   Code   RO         1635    .ARM.Collect$$$$0000000F  mc_w.l(entry11a.o)
    0x0000027c   0x0000027c   0x00000004   Code   RO         1624    .ARM.Collect$$$$00002712  mc_w.l(entry2.o)
    0x00000280   0x00000280   0x00000006   Code   RO          843    .emb_text           driverlib.lib(sysctl.o)
    0x00000286   0x00000286   0x00000002   PAD
    0x00000288   0x00000288   0x000000fc   Code   RO           81  * .text               startup_tm4c123.o
    0x00000384   0x00000384   0x00000024   Code   RO         1615    .text               mc_w.l(memcpya.o)
    0x000003a8   0x000003a8   0x00000024   Code   RO         1617    .text               mc_w.l(memseta.o)
    0x000003cc   0x000003cc   0x0000000e   Code   RO         1619    .text               mc_w.l(strlen.o)
    0x000003da   0x000003da   0x00000002   PAD
    0x000003dc   0x000003dc   0x00000024   Code   RO         1637    .text               mc_w.l(init.o)
    0x00000400   0x00000400   0x00000036   Code   RO            8    .text.ByteToStr     main.o
    0x00000436   0x00000436   0x00000002   PAD
    0x00000438   0x00000438   0x0000001c   Code   RO           58    .text.LCD_Clear     lcd.o
    0x00000454   0x00000454   0x0000007e   Code   RO           56    .text.LCD_Command   lcd.o
    0x000004d2   0x000004d2   0x00000002   PAD
    0x000004d4   0x000004d4   0x0000001c   Code   RO           62    .text.LCD_Cursor    lcd.o
    0x000004f0   0x000004f0   0x00000030   Code   RO           66    .text.LCD_PrintLn   lcd.o
    0x00000520   0x00000520   0x00000044   Code   RO           68    .text.LCD_PrintLn_Cont  lcd.o
    0x00000564   0x00000564   0x00000082   Code   RO           60    .text.LCD_Show      lcd.o
    0x000005e6   0x000005e6   0x00000002   PAD
    0x000005e8   0x000005e8   0x000000c0   Code   RO           54    .text.LCD_init      lcd.o
    0x000006a8   0x000006a8   0x00000008   PAD
    0x000006b0   0x000006b0   0x00000064   Code   RO          143    .text.PendSV_Handler  port.o
    0x00000714   0x00000714   0x00000034   Code   RO            4    .text.Read_From_Keyboard  main.o
    0x00000748   0x00000748   0x00000038   Code   RO            6    .text.Read_Time     main.o
    0x00000780   0x00000780   0x00000024   Code   RO          127    .text.SVC_Handler   port.o
    0x000007a4   0x000007a4   0x0000002e   Code   RO          145    .text.SysTick_Handler  port.o
    0x000007d2   0x000007d2   0x00000002   PAD
    0x000007d4   0x000007d4   0x00000070   Code   RO           92    .text.SystemInit    system_tm4c123.o
    0x00000844   0x00000844   0x0000008e   Code   RO            2    .text.Task1         main.o
    0x000008d2   0x000008d2   0x00000002   PAD
    0x000008d4   0x000008d4   0x00000140   Code   RO           10    .text.Task2         main.o
    0x00000a14   0x00000a14   0x0000016c   Code   RO           12    .text.Task3         main.o
    0x00000b80   0x00000b80   0x0000006a   Code   RO           34    .text.UART_init     uart.o
    0x00000bea   0x00000bea   0x00000002   PAD
    0x00000bec   0x00000bec   0x00000014   Code   RO           36    .text.UART_receive  uart.o
    0x00000c00   0x00000c00   0x00000012   Code   RO           38    .text.UART_send     uart.o
    0x00000c12   0x00000c12   0x00000002   PAD
    0x00000c14   0x00000c14   0x0000001c   Code   RO           42    .text.UART_send_string  uart.o
    0x00000c30   0x00000c30   0x0000003c   Code   RO          366    .text.eTaskConfirmSleepModeStatus  tasks.o
    0x00000c6c   0x00000c6c   0x000000ac   Code   RO           14    .text.main          main.o
    0x00000d18   0x00000d18   0x000000aa   Code   RO          288    .text.prvAddCurrentTaskToDelayedList  tasks.o
    0x00000dc2   0x00000dc2   0x00000002   PAD
    0x00000dc4   0x00000dc4   0x000000ae   Code   RO          276    .text.prvAddNewTaskToReadyList  tasks.o
    0x00000e72   0x00000e72   0x00000002   PAD
    0x00000e74   0x00000e74   0x0000005a   Code   RO          441    .text.prvCheckForValidListAndQueue  timers.o
    0x00000ece   0x00000ece   0x00000002   PAD
    0x00000ed0   0x00000ed0   0x0000004e   Code   RO          406    .text.prvCheckTasksWaitingTermination  tasks.o
    0x00000f1e   0x00000f1e   0x00000002   PAD
    0x00000f20   0x00000f20   0x00000026   Code   RO          222    .text.prvCopyDataFromQueue  queue.o
    0x00000f46   0x00000f46   0x00000002   PAD
    0x00000f48   0x00000f48   0x0000007a   Code   RO          208    .text.prvCopyDataToQueue  queue.o
    0x00000fc2   0x00000fc2   0x00000002   PAD
    0x00000fc4   0x00000fc4   0x00000012   Code   RO          280    .text.prvDeleteTCB  tasks.o
    0x00000fd6   0x00000fd6   0x00000002   PAD
    0x00000fd8   0x00000fd8   0x00000044   Code   RO          408    .text.prvGetExpectedIdleTime  tasks.o
    0x0000101c   0x0000101c   0x00000020   Code   RO          477    .text.prvGetNextExpireTime  timers.o
    0x0000103c   0x0000103c   0x00000072   Code   RO          314    .text.prvIdleTask   tasks.o
    0x000010ae   0x000010ae   0x00000002   PAD
    0x000010b0   0x000010b0   0x00000024   Code   RO          188    .text.prvInitialiseNewQueue  queue.o
    0x000010d4   0x000010d4   0x0000009c   Code   RO          274    .text.prvInitialiseNewTask  tasks.o
    0x00001170   0x00001170   0x0000006e   Code   RO          404    .text.prvInitialiseTaskLists  tasks.o
    0x000011de   0x000011de   0x00000002   PAD
    0x000011e0   0x000011e0   0x00000040   Code   RO          489    .text.prvInsertTimerInActiveList  timers.o
    0x00001220   0x00001220   0x00000018   Code   RO          224    .text.prvIsQueueEmpty  queue.o
    0x00001238   0x00001238   0x0000001c   Code   RO          212    .text.prvIsQueueFull  queue.o
    0x00001254   0x00001254   0x00000076   Code   RO          210    .text.prvNotifyQueueSetContainer  queue.o
    0x000012ca   0x000012ca   0x00000002   PAD
    0x000012cc   0x000012cc   0x00000028   Code   RO          135    .text.prvPortStartFirstTask  port.o
    0x000012f4   0x000012f4   0x0000006e   Code   RO          485    .text.prvProcessExpiredTimer  timers.o
    0x00001362   0x00001362   0x00000002   PAD
    0x00001364   0x00001364   0x00000122   Code   RO          481    .text.prvProcessReceivedCommands  timers.o
    0x00001486   0x00001486   0x00000002   PAD
    0x00001488   0x00001488   0x00000080   Code   RO          479    .text.prvProcessTimerOrBlockTask  timers.o
    0x00001508   0x00001508   0x00000028   Code   RO          282    .text.prvResetNextTaskUnblockTime  tasks.o
    0x00001530   0x00001530   0x0000002a   Code   RO          483    .text.prvSampleTimeNow  timers.o
    0x0000155a   0x0000155a   0x00000002   PAD
    0x0000155c   0x0000155c   0x0000008e   Code   RO          487    .text.prvSwitchTimerLists  timers.o
    0x000015ea   0x000015ea   0x00000002   PAD
    0x000015ec   0x000015ec   0x00000032   Code   RO          125    .text.prvTaskExitError  port.o
    0x0000161e   0x0000161e   0x00000002   PAD
    0x00001620   0x00001620   0x00000016   Code   RO          443    .text.prvTimerTask  timers.o
    0x00001636   0x00001636   0x00000002   PAD
    0x00001638   0x00001638   0x00000086   Code   RO          214    .text.prvUnlockQueue  queue.o
    0x000016be   0x000016be   0x00000002   PAD
    0x000016c0   0x000016c0   0x0000005a   Code   RO          165    .text.pvPortMalloc  heap_1.o
    0x0000171a   0x0000171a   0x00000002   PAD
    0x0000171c   0x0000171c   0x00000028   Code   RO          123    .text.pxPortInitialiseStack  port.o
    0x00001744   0x00001744   0x00000024   Code   RO          113    .text.uxListRemove  list.o
    0x00001768   0x00001768   0x00000016   Code   RO          105    .text.vListInitialise  list.o
    0x0000177e   0x0000177e   0x00000002   PAD
    0x00001780   0x00001780   0x00000006   Code   RO          107    .text.vListInitialiseItem  list.o
    0x00001786   0x00001786   0x00000002   PAD
    0x00001788   0x00001788   0x0000003a   Code   RO          111    .text.vListInsert   list.o
    0x000017c2   0x000017c2   0x00000002   PAD
    0x000017c4   0x000017c4   0x0000001c   Code   RO          109    .text.vListInsertEnd  list.o
    0x000017e0   0x000017e0   0x00000014   Code   RO          133    .text.vPortEnableVFP  port.o
    0x000017f4   0x000017f4   0x00000046   Code   RO          139    .text.vPortEnterCritical  port.o
    0x0000183a   0x0000183a   0x00000002   PAD
    0x0000183c   0x0000183c   0x0000002e   Code   RO          141    .text.vPortExitCritical  port.o
    0x0000186a   0x0000186a   0x00000002   PAD
    0x0000186c   0x0000186c   0x0000001a   Code   RO          167    .text.vPortFree     heap_1.o
    0x00001886   0x00001886   0x00000002   PAD
    0x00001888   0x00001888   0x00000064   Code   RO          131    .text.vPortSetupTimerInterrupt  port.o
    0x000018ec   0x000018ec   0x00000114   Code   RO          147    .text.vPortSuppressTicksAndSleep  port.o
    0x00001a00   0x00001a00   0x00000062   Code   RO          149    .text.vPortValidateInterruptPriority  port.o
    0x00001a62   0x00001a62   0x00000002   PAD
    0x00001a64   0x00001a64   0x00000044   Code   RO          252    .text.vQueueWaitForMessageRestricted  queue.o
    0x00001aa8   0x00001aa8   0x00000054   Code   RO          292    .text.vTaskDelay    tasks.o
    0x00001afc   0x00001afc   0x0000001a   Code   RO          356    .text.vTaskInternalSetTimeOutState  tasks.o
    0x00001b16   0x00001b16   0x00000002   PAD
    0x00001b18   0x00001b18   0x0000000e   Code   RO          360    .text.vTaskMissedYield  tasks.o
    0x00001b26   0x00001b26   0x00000002   PAD
    0x00001b28   0x00001b28   0x00000032   Code   RO          344    .text.vTaskPlaceOnEventList  tasks.o
    0x00001b5a   0x00001b5a   0x00000002   PAD
    0x00001b5c   0x00001b5c   0x0000003e   Code   RO          348    .text.vTaskPlaceOnEventListRestricted  tasks.o
    0x00001b9a   0x00001b9a   0x00000002   PAD
    0x00001b9c   0x00001b9c   0x00000090   Code   RO          312    .text.vTaskStartScheduler  tasks.o
    0x00001c2c   0x00001c2c   0x00000036   Code   RO          338    .text.vTaskStepTick  tasks.o
    0x00001c62   0x00001c62   0x00000002   PAD
    0x00001c64   0x00001c64   0x00000010   Code   RO          286    .text.vTaskSuspendAll  tasks.o
    0x00001c74   0x00001c74   0x00000086   Code   RO          304    .text.vTaskSwitchContext  tasks.o
    0x00001cfa   0x00001cfa   0x00000002   PAD
    0x00001cfc   0x00001cfc   0x00000112   Code   RO          129    .text.xPortStartScheduler  port.o
    0x00001e0e   0x00001e0e   0x00000002   PAD
    0x00001e10   0x00001e10   0x00000042   Code   RO          186    .text.xQueueGenericCreate  queue.o
    0x00001e52   0x00001e52   0x00000002   PAD
    0x00001e54   0x00001e54   0x0000007e   Code   RO          184    .text.xQueueGenericReset  queue.o
    0x00001ed2   0x00001ed2   0x00000002   PAD
    0x00001ed4   0x00001ed4   0x000001d0   Code   RO          200    .text.xQueueGenericSend  queue.o
    0x000020a4   0x000020a4   0x0000011a   Code   RO          216    .text.xQueueGenericSendFromISR  queue.o
    0x000021be   0x000021be   0x00000002   PAD
    0x000021c0   0x000021c0   0x00000184   Code   RO          220    .text.xQueueReceive  queue.o
    0x00002344   0x00002344   0x000000a2   Code   RO          358    .text.xTaskCheckForTimeOut  tasks.o
    0x000023e6   0x000023e6   0x00000002   PAD
    0x000023e8   0x000023e8   0x00000060   Code   RO          272    .text.xTaskCreate   tasks.o
    0x00002448   0x00002448   0x00000026   Code   RO          378    .text.xTaskGetSchedulerState  tasks.o
    0x0000246e   0x0000246e   0x00000002   PAD
    0x00002470   0x00002470   0x0000000c   Code   RO          320    .text.xTaskGetTickCount  tasks.o
    0x0000247c   0x0000247c   0x00000164   Code   RO          318    .text.xTaskIncrementTick  tasks.o
    0x000025e0   0x000025e0   0x000000b2   Code   RO          382    .text.xTaskPriorityDisinherit  tasks.o
    0x00002692   0x00002692   0x00000002   PAD
    0x00002694   0x00002694   0x0000009c   Code   RO          350    .text.xTaskRemoveFromEventList  tasks.o
    0x00002730   0x00002730   0x00000118   Code   RO          290    .text.xTaskResumeAll  tasks.o
    0x00002848   0x00002848   0x00000060   Code   RO          439    .text.xTimerCreateTimerTask  timers.o
    0x000028a8   0x000028a8   0x00000068   Code   RO          449    .text.xTimerGenericCommand  timers.o
    0x00002910   0x00002910   0x00000028   Code   RO          510    i.GPIODirModeSet    driverlib.lib(gpio.o)
    0x00002938   0x00002938   0x00000170   Code   RO          522    i.GPIOPadConfigSet  driverlib.lib(gpio.o)
    0x00002aa8   0x00002aa8   0x00000044   Code   RO          523    i.GPIOPinConfigure  driverlib.lib(gpio.o)
    0x00002aec   0x00002aec   0x0000001c   Code   RO          534    i.GPIOPinTypeGPIOOutput  driverlib.lib(gpio.o)
    0x00002b08   0x00002b08   0x0000001c   Code   RO          546    i.GPIOPinTypeUART   driverlib.lib(gpio.o)
    0x00002b24   0x00002b24   0x00000006   Code   RO          552    i.GPIOPinWrite      driverlib.lib(gpio.o)
    0x00002b2a   0x00002b2a   0x00000002   PAD
    0x00002b2c   0x00002b2c   0x00000154   Code   RO          846    i.SysCtlClockGet    driverlib.lib(sysctl.o)
    0x00002c80   0x00002c80   0x00000120   Code   RO          848    i.SysCtlClockSet    driverlib.lib(sysctl.o)
    0x00002da0   0x00002da0   0x00000028   Code   RO          877    i.SysCtlPeripheralEnable  driverlib.lib(sysctl.o)
    0x00002dc8   0x00002dc8   0x0000002c   Code   RO          881    i.SysCtlPeripheralReady  driverlib.lib(sysctl.o)
    0x00002df4   0x00002df4   0x00000006   Code   RO         1209    i.UARTClockSourceSet  driverlib.lib(uart.o)
    0x00002dfa   0x00002dfa   0x0000006e   Code   RO         1211    i.UARTConfigSetExpClk  driverlib.lib(uart.o)
    0x00002e68   0x00002e68   0x0000000e   Code   RO         1641    i.__scatterload_copy  mc_w.l(handlers.o)
    0x00002e76   0x00002e76   0x00000002   Code   RO         1642    i.__scatterload_null  mc_w.l(handlers.o)
    0x00002e78   0x00002e78   0x0000000e   Code   RO         1643    i.__scatterload_zeroinit  mc_w.l(handlers.o)
    0x00002e86   0x00002e86   0x00000002   PAD
    0x00002e88   0x00002e88   0x00000228   Data   RO          555    .constdata          driverlib.lib(gpio.o)
    0x000030b0   0x000030b0   0x00000254   Data   RO          899    .constdata          driverlib.lib(sysctl.o)
    0x00003304   0x00003304   0x00000002   Data   RO           24    .rodata.str1.1      main.o
    0x00003306   0x00003306   0x00000002   PAD
    0x00003308   0x00003308   0x00000020   Data   RO         1640    Region$$Table       anon$$obj.o


    Execution Region ER_RW (Exec base: 0x20000000, Load base: 0x00003328, Size: 0x00000078, Max: 0xffffffff, ABSOLUTE)

    Exec Addr    Load Addr    Size         Type   Attr      Idx    E Section Name        Object

    0x20000000   0x00003328   0x00000004   Data   RW           94    .data.SystemCoreClock  system_tm4c123.o
    0x20000004   0x0000332c   0x00000064   Data   RW           16    .data.cities        main.o
    0x20000068   0x00003390   0x0000000a   Data   RW           17    .data.timediff      main.o
    0x20000072   0x0000339a   0x00000002   PAD
    0x20000074   0x0000339c   0x00000004   Data   RW          153    .data.uxCriticalNesting  port.o


    Execution Region ER_ZI (Exec base: 0x20000078, Load base: 0x000033a0, Size: 0x00001378, Max: 0xffffffff, ABSOLUTE)

    Exec Addr    Load Addr    Size         Type   Attr      Idx    E Section Name        Object

    0x20000078        -       0x00000001   Zero   RW           23    .bss.Task2.change   main.o
    0x20000079   0x000033a0   0x00000003   PAD
    0x2000007c        -       0x00000004   Zero   RW           70    .bss.cont           lcd.o
    0x20000080        -       0x00000001   Zero   RW           20    .bss.hours_update   main.o
    0x20000081        -       0x00000001   Zero   RW           19    .bss.minutes_update  main.o
    0x20000082   0x000033a0   0x00000002   PAD
    0x20000084        -       0x00000004   Zero   RW          495    .bss.prvSampleTimeNow.xLastTime  timers.o
    0x20000088        -       0x00000004   Zero   RW          173    .bss.pvPortMalloc.pucAlignedHeap  heap_1.o
    0x2000008c        -       0x00000004   Zero   RW          410    .bss.pxCurrentTCB   tasks.o
    0x20000090        -       0x00000004   Zero   RW          493    .bss.pxCurrentTimerList  timers.o
    0x20000094        -       0x00000004   Zero   RW          420    .bss.pxDelayedTaskList  tasks.o
    0x20000098        -       0x00000004   Zero   RW          421    .bss.pxOverflowDelayedTaskList  tasks.o
    0x2000009c        -       0x00000004   Zero   RW          494    .bss.pxOverflowTimerList  timers.o
    0x200000a0        -       0x00000064   Zero   RW          411    .bss.pxReadyTasksLists  tasks.o
    0x20000104        -       0x00000004   Zero   RW           22    .bss.selection      main.o
    0x20000108        -       0x00001000   Zero   RW          174    .bss.ucHeap         heap_1.o
    0x20001108        -       0x00000001   Zero   RW          151    .bss.ucMaxSysCallPriority  port.o
    0x20001109   0x000033a0   0x00000003   PAD
    0x2000110c        -       0x00000004   Zero   RW          152    .bss.ulMaxPRIGROUPValue  port.o
    0x20001110        -       0x00000001   Zero   RW          156    .bss.ulStoppedTimerCompensation  port.o
    0x20001111   0x000033a0   0x00000003   PAD
    0x20001114        -       0x00000004   Zero   RW          155    .bss.ulTimerCountsForOneTick  port.o
    0x20001118        -       0x00000004   Zero   RW          416    .bss.uxCurrentNumberOfTasks  tasks.o
    0x2000111c        -       0x00000004   Zero   RW          415    .bss.uxDeletedTasksWaitingCleanUp  tasks.o
    0x20001120        -       0x00000004   Zero   RW          418    .bss.uxSchedulerSuspended  tasks.o
    0x20001124        -       0x00000004   Zero   RW          413    .bss.uxTaskNumber   tasks.o
    0x20001128        -       0x00000004   Zero   RW          412    .bss.uxTopReadyPriority  tasks.o
    0x2000112c        -       0x00000014   Zero   RW          496    .bss.xActiveTimerList1  timers.o
    0x20001140        -       0x00000014   Zero   RW          497    .bss.xActiveTimerList2  timers.o
    0x20001154        -       0x00000014   Zero   RW          429    .bss.xDelayedTaskList1  tasks.o
    0x20001168        -       0x00000014   Zero   RW          430    .bss.xDelayedTaskList2  tasks.o
    0x2000117c        -       0x00000004   Zero   RW          424    .bss.xIdleTaskHandle  tasks.o
    0x20001180        -       0x00000004   Zero   RW          154    .bss.xMaximumPossibleSuppressedTicks  port.o
    0x20001184        -       0x00000004   Zero   RW          175    .bss.xNextFreeByte  heap_1.o
    0x20001188        -       0x00000004   Zero   RW          425    .bss.xNextTaskUnblockTime  tasks.o
    0x2000118c        -       0x00000004   Zero   RW          428    .bss.xNumOfOverflows  tasks.o
    0x20001190        -       0x00000004   Zero   RW          427    .bss.xPendedTicks   tasks.o
    0x20001194        -       0x00000014   Zero   RW          423    .bss.xPendingReadyList  tasks.o
    0x200011a8        -       0x00000004   Zero   RW           21    .bss.xQueue1        main.o
    0x200011ac        -       0x00000004   Zero   RW           18    .bss.xQueue2        main.o
    0x200011b0        -       0x00000004   Zero   RW          417    .bss.xSchedulerRunning  tasks.o
    0x200011b4        -       0x00000014   Zero   RW          422    .bss.xSuspendedTaskList  tasks.o
    0x200011c8        -       0x00000014   Zero   RW          414    .bss.xTasksWaitingTermination  tasks.o
    0x200011dc        -       0x00000004   Zero   RW          419    .bss.xTickCount     tasks.o
    0x200011e0        -       0x00000004   Zero   RW          491    .bss.xTimerQueue    timers.o
    0x200011e4        -       0x00000004   Zero   RW          492    .bss.xTimerTaskHandle  timers.o
    0x200011e8        -       0x00000004   Zero   RW          426    .bss.xYieldPending  tasks.o
    0x200011ec   0x000033a0   0x00000004   PAD
    0x200011f0        -       0x00000200   Zero   RW           78    STACK               startup_tm4c123.o


==============================================================================

Image component sizes


      Code (inc. data)   RO Data    RW Data    ZI Data      Debug   Object Name

       116          0          0          0       4104       1717   heap_1.o
       620          0          0          0          4       1951   lcd.o
       150          0          0          0          0       2305   list.o
      1160        196          2        110         15       3345   main.o
      1196         16          0          4         14       4975   port.o
      1894          0          0          0          0      22054   queue.o
       252         10        620          0        512       5412   startup_tm4c123.o
       112          0          0          4          0       6484   system_tm4c123.o
      2850          8          0          0        260      31403   tasks.o
      1120         18          0          0         60      12559   timers.o
       172          0          0          0          0       1333   uart.o

    ----------------------------------------------------------------------
      9740        248        656        120       4984      93538   Object Totals
         0          0         32          0          0          0   (incl. Generated)
        98          0          2          2         15          0   (incl. Padding)

    ----------------------------------------------------------------------

      Code (inc. data)   RO Data    RW Data    ZI Data      Debug   Library Member Name

       538         22        552          0          0       9120   gpio.o
       718         62        596          0          0       4919   sysctl.o
       116          0          0          0          0       2072   uart.o
         0          0          0          0          0          0   entry.o
         0          0          0          0          0          0   entry10a.o
         0          0          0          0          0          0   entry11a.o
         8          4          0          0          0          0   entry2.o
         4          0          0          0          0          0   entry5.o
         0          0          0          0          0          0   entry7b.o
         0          0          0          0          0          0   entry8b.o
         8          4          0          0          0          0   entry9a.o
        30          0          0          0          0          0   handlers.o
        36          8          0          0          0         68   init.o
        36          0          0          0          0         68   memcpya.o
        36          0          0          0          0        108   memseta.o
        14          0          0          0          0         68   strlen.o

    ----------------------------------------------------------------------
      1552        100       1148          0          0      16423   Library Totals
         8          0          0          0          0          0   (incl. Padding)

    ----------------------------------------------------------------------

      Code (inc. data)   RO Data    RW Data    ZI Data      Debug   Library Name

      1372         84       1148          0          0      16111   driverlib.lib
       172         16          0          0          0        312   mc_w.l

    ----------------------------------------------------------------------
      1552        100       1148          0          0      16423   Library Totals

    ----------------------------------------------------------------------

==============================================================================


      Code (inc. data)   RO Data    RW Data    ZI Data      Debug   

     11292        348       1804        120       4984     109169   Grand Totals
     11292        348       1804        120       4984     109169   ELF Image Totals
     11292        348       1804        120          0          0   ROM Totals

==============================================================================

    Total RO  Size (Code + RO Data)                13096 (  12.79kB)
    Total RW  Size (RW Data + ZI Data)              5104 (   4.98kB)
    Total ROM Size (Code + RO Data + RW Data)      13216 (  12.91kB)

==============================================================================

